Component: ARM Compiler 5.06 update 6 (build 750) Tool: armlink [4d35ed]

==============================================================================

Section Cross References

    main.o(i.ADC1_2_IRQHandler) refers to task.o(i.add_task) for add_task
    main.o(i.EXTI15_10_IRQHandler) refers to application.o(i.unsleep_app) for unsleep_app
    main.o(i.EXTI15_10_IRQHandler) refers to application.o(i.sleep_app) for sleep_app
    main.o(i.EXTI2_IRQHandler) refers to task.o(i.add_task) for add_task
    main.o(i.SysTick_Handler) refers to task.o(i.add_task) for add_task
    main.o(i.SysTick_Handler) refers to main.o(.data) for count
    main.o(i.TIM2_IRQHandler) refers to task.o(i.add_task) for add_task
    main.o(i.main) refers to application.o(i.init_app) for init_app
    main.o(i.main) refers to application.o(i.start_app) for start_app
    init.o(i.init) refers to init.o(i.init_heater_pwm) for init_heater_pwm
    init.o(i.init) refers to init.o(i.init_cooler_and_disp_pwm) for init_cooler_and_disp_pwm
    init.o(i.init) refers to init.o(i.init_term_adc) for init_term_adc
    init.o(i.init) refers to init.o(i.init_enc) for init_enc
    init.o(i.init) refers to init.o(i.init_led) for init_led
    init.o(i.init) refers to init.o(i.init_dma) for init_dma
    init.o(i.init) refers to init.o(i.init_spi2) for init_spi2
    init.o(i.init) refers to init.o(i.init_disp_io) for init_disp_io
    init.o(i.init) refers to init.o(i.init_btns) for init_btns
    init.o(i.init) refers to init.o(i.init_systick) for init_systick
    init.o(i.init_btns) refers to init.o(i.__NVIC_EnableIRQ) for __NVIC_EnableIRQ
    init.o(i.init_btns) refers to init.o(i.__NVIC_SetPriority) for __NVIC_SetPriority
    init.o(i.init_dma) refers to init.o(i.__NVIC_EnableIRQ) for __NVIC_EnableIRQ
    init.o(i.init_dma) refers to init.o(i.__NVIC_SetPriority) for __NVIC_SetPriority
    init.o(i.init_enc) refers to init.o(i.__NVIC_SetPriority) for __NVIC_SetPriority
    init.o(i.init_heater_pwm) refers to init.o(i.__NVIC_EnableIRQ) for __NVIC_EnableIRQ
    init.o(i.init_systick) refers to init.o(i.__NVIC_SetPriority) for __NVIC_SetPriority
    init.o(i.init_term_adc) refers to main.o(i.delay) for delay
    ili9341_driver.o(i.DMA1_Channel5_IRQHandler) refers to sem.o(i.sem_post) for sem_post
    ili9341_driver.o(i.DMA1_Channel5_IRQHandler) refers to ili9341_driver.o(.data) for _driver_in_use
    ili9341_driver.o(i.ili9341_driver_init) refers to ili9341_driver.o(i.ili9341_driver_wcmd) for ili9341_driver_wcmd
    ili9341_driver.o(i.ili9341_driver_init) refers to main.o(i.delay) for delay
    ili9341_driver.o(i.ili9341_driver_init) refers to ili9341_driver.o(.data) for init_cmds
    ili9341_driver.o(i.ili9341_driver_rans) refers to ili9341_driver.o(i._read_byte) for _read_byte
    ili9341_driver.o(i.ili9341_driver_w16data) refers to ili9341_driver.o(i._send_byte) for _send_byte
    ili9341_driver.o(i.ili9341_driver_wcmd) refers to sem.o(i.sem_wait) for sem_wait
    ili9341_driver.o(i.ili9341_driver_wcmd) refers to ili9341_driver.o(i._send_byte) for _send_byte
    ili9341_driver.o(i.ili9341_driver_wcmd) refers to sem.o(i.sem_post) for sem_post
    ili9341_driver.o(i.ili9341_driver_wcolor) refers to sem.o(i.sem_wait) for sem_wait
    ili9341_driver.o(i.ili9341_driver_wcolor) refers to ili9341_driver.o(i._send_byte) for _send_byte
    ili9341_driver.o(i.ili9341_driver_wcolor) refers to ili9341_driver.o(.data) for _driver_in_use
    ili9341_driver.o(i.ili9341_driver_wpixels) refers to sem.o(i.sem_wait) for sem_wait
    ili9341_driver.o(i.ili9341_driver_wpixels) refers to ili9341_driver.o(i._send_byte) for _send_byte
    ili9341_driver.o(i.ili9341_driver_wpixels) refers to ili9341_driver.o(.data) for _driver_in_use
    task.o(i._dequeue) refers to task.o(.data) for _task_queue
    task.o(i._queue_buf_push) refers to task.o(.data) for _task_queue
    task.o(i._queue_flush_buf) refers to task.o(i.__min_heapify_to_child) for __min_heapify_to_child
    task.o(i._queue_flush_buf) refers to task.o(.data) for _task_queue
    task.o(i.add_task) refers to task.o(i._queue_buf_push) for _queue_buf_push
    task.o(i.add_task) refers to task.o(.data) for _task_queue
    task.o(i.filter_adc_task) refers to fflt_clz.o(x$fpl$ffltu) for __aeabi_ui2f
    task.o(i.filter_adc_task) refers to faddsub_clz.o(x$fpl$fadd) for __aeabi_fadd
    task.o(i.filter_adc_task) refers to faddsub_clz.o(x$fpl$fsub) for __aeabi_fsub
    task.o(i.filter_adc_task) refers to fdiv.o(x$fpl$fdiv) for __aeabi_fdiv
    task.o(i.filter_adc_task) refers to temperature.o(i.get_temperature_by_adc_value) for get_temperature_by_adc_value
    task.o(i.filter_adc_task) refers to faddsub_clz.o(x$fpl$frsb) for __aeabi_frsub
    task.o(i.filter_adc_task) refers to regulator.o(i.regulate) for regulate
    task.o(i.filter_adc_task) refers to task.o(.data) for dacc
    task.o(i.filter_adc_task) refers to global.o(.data) for current_temperature
    task.o(i.ftoa) refers to ffix.o(x$fpl$ffix) for __aeabi_f2iz
[...]
    ../clib/signal.c                         0x00000000   Number         0  defsig_rtred_inner.o ABSOLUTE
    ../clib/signal.c                         0x00000000   Number         0  defsig_fpe_inner.o ABSOLUTE
    ../clib/signal.c                         0x00000000   Number         0  defsig_abrt_inner.o ABSOLUTE
    ../clib/signal.c                         0x00000000   Number         0  defsig_rtmem_outer.o ABSOLUTE
    ../clib/signal.c                         0x00000000   Number         0  defsig_rtmem_formal.o ABSOLUTE
    ../clib/signal.s                         0x00000000   Number         0  defsig.o ABSOLUTE
    ../clib/stdlib.c                         0x00000000   Number         0  exit.o ABSOLUTE
    ../clib/string.c                         0x00000000   Number         0  strlen.o ABSOLUTE
    ../fplib/dfixu.s                         0x00000000   Number         0  dfixu.o ABSOLUTE
    ../fplib/dmul.s                          0x00000000   Number         0  dmul.o ABSOLUTE
    ../fplib/dnaninf.s                       0x00000000   Number         0  dnaninf.o ABSOLUTE
    ../fplib/dretinf.s                       0x00000000   Number         0  dretinf.o ABSOLUTE
    ../fplib/f2d.s                           0x00000000   Number         0  f2d.o ABSOLUTE
    ../fplib/faddsub.s                       0x00000000   Number         0  faddsub_clz.o ABSOLUTE
    ../fplib/fcmpi.s                         0x00000000   Number         0  fcmpi.o ABSOLUTE
    ../fplib/fdiv.s                          0x00000000   Number         0  fdiv.o ABSOLUTE
    ../fplib/ffix.s                          0x00000000   Number         0  ffix.o ABSOLUTE
    ../fplib/ffixu.s                         0x00000000   Number         0  ffixu.o ABSOLUTE
    ../fplib/fflt.s                          0x00000000   Number         0  fflt_clz.o ABSOLUTE
    ../fplib/fleqf.s                         0x00000000   Number         0  fleqf.o ABSOLUTE
    ../fplib/fmul.s                          0x00000000   Number         0  fmul.o ABSOLUTE
    ../fplib/fnaninf.s                       0x00000000   Number         0  fnaninf.o ABSOLUTE
    ../fplib/fpinit.s                        0x00000000   Number         0  fpinit.o ABSOLUTE
    ../fplib/fretinf.s                       0x00000000   Number         0  fretinf.o ABSOLUTE
    ../fplib/frleqf.s                        0x00000000   Number         0  frleqf.o ABSOLUTE
    ../fplib/usenofp.s                       0x00000000   Number         0  usenofp.o ABSOLUTE
    RTE\Device\STM32F100R8\startup_stm32f10x_md_vl.s 0x00000000   Number         0  startup_stm32f10x_md_vl.o ABSOLUTE
    RTE\Device\STM32F100R8\system_stm32f10x.c 0x00000000   Number         0  system_stm32f10x.o ABSOLUTE
    RTE\\Device\\STM32F100R8\\system_stm32f10x.c 0x00000000   Number         0  system_stm32f10x.o ABSOLUTE
    Roboto Mono Medium24.c                   0x00000000   Number         0  roboto mono medium24.o ABSOLUTE
    Roboto Mono Medium64.c                   0x00000000   Number         0  roboto mono medium64.o ABSOLUTE
    application.c                            0x00000000   Number         0  application.o ABSOLUTE
    application.c                            0x00000000   Number         0  application.o ABSOLUTE
    dc.s                                     0x00000000   Number         0  dc.o ABSOLUTE
    font.c                                   0x00000000   Number         0  font.o ABSOLUTE
    frame.c                                  0x00000000   Number         0  frame.o ABSOLUTE
    frame.c                                  0x00000000   Number         0  frame.o ABSOLUTE
    global.c                                 0x00000000   Number         0  global.o ABSOLUTE
    global.c                                 0x00000000   Number         0  global.o ABSOLUTE
    ili9341_driver.c                         0x00000000   Number         0  ili9341_driver.o ABSOLUTE
    ili9341_driver.c                         0x00000000   Number         0  ili9341_driver.o ABSOLUTE
    init.c                                   0x00000000   Number         0  init.o ABSOLUTE
    init.c                                   0x00000000   Number         0  init.o ABSOLUTE
    main.c                                   0x00000000   Number         0  main.o ABSOLUTE
    main.c                                   0x00000000   Number         0  main.o ABSOLUTE
    regulator.c                              0x00000000   Number         0  regulator.o ABSOLUTE
    regulator.c                              0x00000000   Number         0  regulator.o ABSOLUTE
    sem.c                                    0x00000000   Number         0  sem.o ABSOLUTE
    task.c                                   0x00000000   Number         0  task.o ABSOLUTE
    task.c                                   0x00000000   Number         0  task.o ABSOLUTE
    temperature.c                            0x00000000   Number         0  temperature.o ABSOLUTE
    ui.c                                     0x00000000   Number         0  ui.o ABSOLUTE
    ui.c                                     0x00000000   Number         0  ui.o ABSOLUTE
    RESET                                    0x08000000   Section      288  startup_stm32f10x_md_vl.o(RESET)
    !!!main                                  0x08000120   Section        8  __main.o(!!!main)
    !!!scatter                               0x08000128   Section       52  __scatter.o(!!!scatter)
    !!dczerorl2                              0x0800015c   Section       90  __dczerorl2.o(!!dczerorl2)
    !!handler_zi                             0x080001b8   Section       28  __scatter_zi.o(!!handler_zi)
    .ARM.Collect$$libinit$$00000000          0x080001d4   Section        2  libinit.o(.ARM.Collect$$libinit$$00000000)
    .ARM.Collect$$libinit$$00000002          0x080001d6   Section        0  libinit2.o(.ARM.Collect$$libinit$$00000002)
    .ARM.Collect$$libinit$$00000004          0x080001d6   Section        0  libinit2.o(.ARM.Collect$$libinit$$00000004)
    .ARM.Collect$$libinit$$0000000A          0x080001d6   Section        0  libinit2.o(.ARM.Collect$$libinit$$0000000A)
    .ARM.Collect$$libinit$$0000000C          0x080001d6   Section        0  libinit2.o(.ARM.Collect$$libinit$$0000000C)
    .ARM.Collect$$libinit$$0000000E          0x080001d6   Section        0  libinit2.o(.ARM.Collect$$libinit$$0000000E)
    .ARM.Collect$$libinit$$00000011          0x080001d6   Section        0  libinit2.o(.ARM.Collect$$libinit$$00000011)
    .ARM.Collect$$libinit$$00000013          0x080001d6   Section        0  libinit2.o(.ARM.Collect$$libinit$$00000013)
    .ARM.Collect$$libinit$$00000015          0x080001d6   Section        0  libinit2.o(.ARM.Collect$$libinit$$00000015)
    .ARM.Collect$$libinit$$00000017          0x080001d6   Section        0  libinit2.o(.ARM.Collect$$libinit$$00000017)
    .ARM.Collect$$libinit$$00000019          0x080001d6   Section        0  libinit2.o(.ARM.Collect$$libinit$$00000019)
    .ARM.Collect$$libinit$$0000001B          0x080001d6   Section        0  libinit2.o(.ARM.Collect$$libinit$$0000001B)
    .ARM.Collect$$libinit$$0000001D          0x080001d6   Section        0  libinit2.o(.ARM.Collect$$libinit$$0000001D)
    .ARM.Collect$$libinit$$0000001F          0x080001d6   Section        0  libinit2.o(.ARM.Collect$$libinit$$0000001F)
    .ARM.Collect$$libinit$$00000021          0x080001d6   Section        0  libinit2.o(.ARM.Collect$$libinit$$00000021)
    .ARM.Collect$$libinit$$00000023          0x080001d6   Section        0  libinit2.o(.ARM.Collect$$libinit$$00000023)
    .ARM.Collect$$libinit$$00000025          0x080001d6   Section        0  libinit2.o(.ARM.Collect$$libinit$$00000025)
    .ARM.Collect$$libinit$$0000002C          0x080001d6   Section        0  libinit2.o(.ARM.Collect$$libinit$$0000002C)
    .ARM.Collect$$libinit$$0000002E          0x080001d6   Section        0  libinit2.o(.ARM.Collect$$libinit$$0000002E)
    .ARM.Collect$$libinit$$00000030          0x080001d6   Section        0  libinit2.o(.ARM.Collect$$libinit$$00000030)
    .ARM.Collect$$libinit$$00000032          0x080001d6   Section        0  libinit2.o(.ARM.Collect$$libinit$$00000032)
    .ARM.Collect$$libinit$$00000033          0x080001d6   Section        2  libinit2.o(.ARM.Collect$$libinit$$00000033)
    .ARM.Collect$$libshutdown$$00000000      0x080001d8   Section        2  libshutdown.o(.ARM.Collect$$libshutdown$$00000000)
    .ARM.Collect$$libshutdown$$00000002      0x080001da   Section        0  libshutdown2.o(.ARM.Collect$$libshutdown$$00000002)
    .ARM.Collect$$libshutdown$$00000004      0x080001da   Section        0  libshutdown2.o(.ARM.Collect$$libshutdown$$00000004)
    .ARM.Collect$$libshutdown$$00000007      0x080001da   Section        0  libshutdown2.o(.ARM.Collect$$libshutdown$$00000007)
    .ARM.Collect$$libshutdown$$0000000A      0x080001da   Section        0  libshutdown2.o(.ARM.Collect$$libshutdown$$0000000A)
    .ARM.Collect$$libshutdown$$0000000C      0x080001da   Section        0  libshutdown2.o(.ARM.Collect$$libshutdown$$0000000C)
    .ARM.Collect$$libshutdown$$0000000F      0x080001da   Section        0  libshutdown2.o(.ARM.Collect$$libshutdown$$0000000F)
    .ARM.Collect$$libshutdown$$00000010      0x080001da   Section        2  libshutdown2.o(.ARM.Collect$$libshutdown$$00000010)
    .ARM.Collect$$rtentry$$00000000          0x080001dc   Section        0  __rtentry.o(.ARM.Collect$$rtentry$$00000000)
    .ARM.Collect$$rtentry$$00000002          0x080001dc   Section        0  __rtentry2.o(.ARM.Collect$$rtentry$$00000002)
    .ARM.Collect$$rtentry$$00000004          0x080001dc   Section        6  __rtentry4.o(.ARM.Collect$$rtentry$$00000004)
    .ARM.Collect$$rtentry$$00000009          0x080001e2   Section        0  __rtentry2.o(.ARM.Collect$$rtentry$$00000009)
    .ARM.Collect$$rtentry$$0000000A          0x080001e2   Section        4  __rtentry2.o(.ARM.Collect$$rtentry$$0000000A)
    .ARM.Collect$$rtentry$$0000000C          0x080001e6   Section        0  __rtentry2.o(.ARM.Collect$$rtentry$$0000000C)
    .ARM.Collect$$rtentry$$0000000D          0x080001e6   Section        8  __rtentry2.o(.ARM.Collect$$rtentry$$0000000D)
    .ARM.Collect$$rtexit$$00000000           0x080001ee   Section        2  rtexit.o(.ARM.Collect$$rtexit$$00000000)
    .ARM.Collect$$rtexit$$00000002           0x080001f0   Section        0  rtexit2.o(.ARM.Collect$$rtexit$$00000002)
    .ARM.Collect$$rtexit$$00000003           0x080001f0   Section        4  rtexit2.o(.ARM.Collect$$rtexit$$00000003)
    .ARM.Collect$$rtexit$$00000004           0x080001f4   Section        6  rtexit2.o(.ARM.Collect$$rtexit$$00000004)
    .text                                    0x080001fc   Section       64  startup_stm32f10x_md_vl.o(.text)
    .text                                    0x0800023c   Section        0  strlen.o(.text)
    .text                                    0x0800027a   Section        0  heapauxi.o(.text)
    .text                                    0x08000280   Section       74  sys_stackheap_outer.o(.text)
    .text                                    0x080002ca   Section        0  exit.o(.text)
    .text                                    0x080002dc   Section        8  libspace.o(.text)
    .text                                    0x080002e4   Section        0  sys_exit.o(.text)
    .text                                    0x080002f0   Section        2  use_no_semi.o(.text)
    .text                                    0x080002f2   Section        0  indicate_semi.o(.text)
    i.DMA1_Channel5_IRQHandler               0x080002f4   Section        0  ili9341_driver.o(i.DMA1_Channel5_IRQHandler)
    i.EXTI15_10_IRQHandler                   0x0800037c   Section        0  main.o(i.EXTI15_10_IRQHandler)
    i.EXTI2_IRQHandler                       0x080003b8   Section        0  main.o(i.EXTI2_IRQHandler)
    i.SetSysClock                            0x080003d4   Section        0  system_stm32f10x.o(i.SetSysClock)
    SetSysClock                              0x080003d5   Thumb Code     8  system_stm32f10x.o(i.SetSysClock)
    i.SetSysClockTo24                        0x080003dc   Section        0  system_stm32f10x.o(i.SetSysClockTo24)
    SetSysClockTo24                          0x080003dd   Thumb Code   178  system_stm32f10x.o(i.SetSysClockTo24)
    i.SysTick_Handler                        0x08000494   Section        0  main.o(i.SysTick_Handler)
    i.SystemInit                             0x080004d8   Section        0  system_stm32f10x.o(i.SystemInit)
    i.TIM2_IRQHandler                        0x0800053c   Section        0  main.o(i.TIM2_IRQHandler)
    i.TIM4_IRQHandler                        0x08000558   Section        0  main.o(i.TIM4_IRQHandler)
    i.__NVIC_ClearPendingIRQ                 0x0800058c   Section        0  application.o(i.__NVIC_ClearPendingIRQ)
    __NVIC_ClearPendingIRQ                   0x0800058d   Thumb Code    22  application.o(i.__NVIC_ClearPendingIRQ)
    i.__NVIC_DisableIRQ                      0x080005a8   Section        0  application.o(i.__NVIC_DisableIRQ)
    __NVIC_DisableIRQ                        0x080005a9   Thumb Code    54  application.o(i.__NVIC_DisableIRQ)
    i.__NVIC_EnableIRQ                       0x080005e4   Section        0  init.o(i.__NVIC_EnableIRQ)
    __NVIC_EnableIRQ                         0x080005e5   Thumb Code    34  init.o(i.__NVIC_EnableIRQ)
    i.__NVIC_EnableIRQ                       0x08000606   Section        0  application.o(i.__NVIC_EnableIRQ)
    __NVIC_EnableIRQ                         0x08000607   Thumb Code    34  application.o(i.__NVIC_EnableIRQ)
    i.__NVIC_SetPriority                     0x08000628   Section        0  init.o(i.__NVIC_SetPriority)
    __NVIC_SetPriority                       0x08000629   Thumb Code    32  init.o(i.__NVIC_SetPriority)
    i.__fill_font_texture_frame              0x08000650   Section        0  frame.o(i.__fill_font_texture_frame)
    __fill_font_texture_frame                0x08000651   Thumb Code    40  frame.o(i.__fill_font_texture_frame)
    i.__init_column_cmd                      0x08000678   Section        0  frame.o(i.__init_column_cmd)
    __init_column_cmd                        0x08000679   Thumb Code    24  frame.o(i.__init_column_cmd)
    i.__init_row_cmd                         0x08000690   Section        0  frame.o(i.__init_row_cmd)
    __init_row_cmd                           0x08000691   Thumb Code    24  frame.o(i.__init_row_cmd)
    i.__min_heapify_to_child                 0x080006a8   Section        0  task.o(i.__min_heapify_to_child)
    __min_heapify_to_child                   0x080006a9   Thumb Code    90  task.o(i.__min_heapify_to_child)
    i.__print_number_to_anim_buffer          0x08000704   Section        0  ui.o(i.__print_number_to_anim_buffer)
    i.__select_page                          0x08000758   Section        0  frame.o(i.__select_page)
    __select_page                            0x08000759   Thumb Code    58  frame.o(i.__select_page)
    i._anim_next_frame                       0x0800079c   Section        0  ui.o(i._anim_next_frame)
    i._dec_digit                             0x080007c8   Section        0  ui.o(i._dec_digit)
    i._dequeue                               0x08000854   Section        0  task.o(i._dequeue)
    _dequeue                                 0x08000855   Thumb Code    56  task.o(i._dequeue)
    i._disable_listeners                     0x08000894   Section        0  application.o(i._disable_listeners)
    _disable_listeners                       0x08000895   Thumb Code    64  application.o(i._disable_listeners)
    i._draw_animation                        0x080008d4   Section        0  frame.o(i._draw_animation)
    _draw_animation                          0x080008d5   Thumb Code    38  frame.o(i._draw_animation)
    i._draw_polygon                          0x080008fc   Section        0  frame.o(i._draw_polygon)
    _draw_polygon                            0x080008fd   Thumb Code    54  frame.o(i._draw_polygon)
    i._draw_text                             0x08000938   Section        0  frame.o(i._draw_text)
    _draw_text                               0x08000939   Thumb Code   512  frame.o(i._draw_text)
    i._draw_texture                          0x08000b40   Section        0  frame.o(i._draw_texture)
    _draw_texture                            0x08000b41   Thumb Code    54  frame.o(i._draw_texture)
    i._dummy_action                          0x08000b7c   Section        0  ui.o(i._dummy_action)
    i._enable_listeners                      0x08000b80   Section        0  application.o(i._enable_listeners)
    _enable_listeners                        0x08000b81   Thumb Code    38  application.o(i._enable_listeners)
    i._flush_tasks                           0x08000ba6   Section        0  application.o(i._flush_tasks)
    _flush_tasks                             0x08000ba7   Thumb Code    16  application.o(i._flush_tasks)
    i._inc_digit                             0x08000bb8   Section        0  ui.o(i._inc_digit)
    i._next_digit                            0x08000c48   Section        0  ui.o(i._next_digit)
    i._off_display                           0x08000d54   Section        0  application.o(i._off_display)
    _off_display                             0x08000d55   Thumb Code     8  application.o(i._off_display)
    i._off_heater                            0x08000d60   Section        0  application.o(i._off_heater)
    _off_heater                              0x08000d61   Thumb Code    16  application.o(i._off_heater)
    i._on_cooler                             0x08000d78   Section        0  application.o(i._on_cooler)
    _on_cooler                               0x08000d79   Thumb Code    10  application.o(i._on_cooler)
    i._on_display                            0x08000d8c   Section        0  application.o(i._on_display)
    _on_display                              0x08000d8d   Thumb Code    10  application.o(i._on_display)
    i._on_heater                             0x08000da0   Section        0  application.o(i._on_heater)
    _on_heater                               0x08000da1   Thumb Code    10  application.o(i._on_heater)
    i._pid_regulate                          0x08000db4   Section        0  regulator.o(i._pid_regulate)
    _pid_regulate                            0x08000db5   Thumb Code   378  regulator.o(i._pid_regulate)
    i._queue_buf_push                        0x08000f34   Section        0  task.o(i._queue_buf_push)
    _queue_buf_push                          0x08000f35   Thumb Code    30  task.o(i._queue_buf_push)
    i._queue_flush_buf                       0x08000f58   Section        0  task.o(i._queue_flush_buf)
    _queue_flush_buf                         0x08000f59   Thumb Code    72  task.o(i._queue_flush_buf)
    i._select_calib_btn                      0x08000fa8   Section        0  ui.o(i._select_calib_btn)
    i._send_byte                             0x08000ff8   Section        0  ili9341_driver.o(i._send_byte)
    _send_byte                               0x08000ff9   Thumb Code    32  ili9341_driver.o(i._send_byte)
    i._start_calib                           0x08001018   Section        0  ui.o(i._start_calib)
    i._start_temp_setting                    0x0800109c   Section        0  ui.o(i._start_temp_setting)
    i._unselect_calib_btn                    0x080010f4   Section        0  ui.o(i._unselect_calib_btn)
    i.add_task                               0x08001144   Section        0  task.o(i.add_task)
    i.delay                                  0x08001174   Section        0  main.o(i.delay)
    i.draw_frame                             0x0800117e   Section        0  frame.o(i.draw_frame)
    i.filter_adc_task                        0x080011c4   Section        0  task.o(i.filter_adc_task)
    filter_adc_task                          0x080011c5   Thumb Code   142  task.o(i.filter_adc_task)
    i.ftoa                                   0x08001278   Section        0  task.o(i.ftoa)
    i.get_bitmap                             0x08001314   Section        0  font.o(i.get_bitmap)
    i.get_task                               0x080013f0   Section        0  task.o(i.get_task)
    i.get_temperature_by_adc_value           0x0800141c   Section        0  temperature.o(i.get_temperature_by_adc_value)
    i.handle_btn_task                        0x080014b8   Section        0  task.o(i.handle_btn_task)
    handle_btn_task                          0x080014b9   Thumb Code    40  task.o(i.handle_btn_task)
    i.handle_enc_task                        0x080014e4   Section        0  task.o(i.handle_enc_task)
    handle_enc_task                          0x080014e5   Thumb Code    54  task.o(i.handle_enc_task)
    i.ili9341_driver_init                    0x0800151c   Section        0  ili9341_driver.o(i.ili9341_driver_init)
    i.ili9341_driver_wcmd                    0x08001594   Section        0  ili9341_driver.o(i.ili9341_driver_wcmd)
    i.ili9341_driver_wcolor                  0x080015e4   Section        0  ili9341_driver.o(i.ili9341_driver_wcolor)
    i.ili9341_driver_wpixels                 0x08001694   Section        0  ili9341_driver.o(i.ili9341_driver_wpixels)
    i.init                                   0x08001734   Section        0  init.o(i.init)
    i.init_app                               0x08001760   Section        0  application.o(i.init_app)
    i.init_btns                              0x0800177c   Section        0  init.o(i.init_btns)
    init_btns                                0x0800177d   Thumb Code   102  init.o(i.init_btns)
    i.init_cooler_and_disp_pwm               0x080017f4   Section        0  init.o(i.init_cooler_and_disp_pwm)
    init_cooler_and_disp_pwm                 0x080017f5   Thumb Code   188  init.o(i.init_cooler_and_disp_pwm)
    i.init_disp_io                           0x080018bc   Section        0  init.o(i.init_disp_io)
    init_disp_io                             0x080018bd   Thumb Code    62  init.o(i.init_disp_io)
    i.init_dma                               0x08001904   Section        0  init.o(i.init_dma)
    init_dma                                 0x08001905   Thumb Code    52  init.o(i.init_dma)
    i.init_enc                               0x08001940   Section        0  init.o(i.init_enc)
    init_enc                                 0x08001941   Thumb Code   250  init.o(i.init_enc)
    i.init_graphics                          0x08001a4c   Section        0  frame.o(i.init_graphics)
    i.init_heater_pwm                        0x08001a6c   Section        0  init.o(i.init_heater_pwm)
    init_heater_pwm                          0x08001a6d   Thumb Code   170  init.o(i.init_heater_pwm)
    i.init_led                               0x08001b24   Section        0  init.o(i.init_led)
    init_led                                 0x08001b25   Thumb Code    46  init.o(i.init_led)
    i.init_spi2                              0x08001b5c   Section        0  init.o(i.init_spi2)
    init_spi2                                0x08001b5d   Thumb Code   126  init.o(i.init_spi2)
    i.init_systick                           0x08001bec   Section        0  init.o(i.init_systick)
    init_systick                             0x08001bed   Thumb Code    48  init.o(i.init_systick)
    i.init_temperature_calibration           0x08001c1c   Section        0  temperature.o(i.init_temperature_calibration)
    i.init_term_adc                          0x08001c58   Section        0  init.o(i.init_term_adc)
    init_term_adc                            0x08001c59   Thumb Code   138  init.o(i.init_term_adc)
    i.init_ui                                0x08001cf0   Section        0  ui.o(i.init_ui)
    i.main                                   0x08001d4c   Section        0  main.o(i.main)
    i.print_current_temp_task                0x08001d5c   Section        0  task.o(i.print_current_temp_task)
    print_current_temp_task                  0x08001d5d   Thumb Code    26  task.o(i.print_current_temp_task)
    i.push_calibration_value                 0x08001d80   Section        0  temperature.o(i.push_calibration_value)
    i.redraw_animation_task                  0x08001e00   Section        0  task.o(i.redraw_animation_task)
    redraw_animation_task                    0x08001e01   Thumb Code    10  task.o(i.redraw_animation_task)
    i.regulate                               0x08001e0a   Section        0  regulator.o(i.regulate)
    i.reverse                                0x08001e1a   Section        0  task.o(i.reverse)
    i.sem_post                               0x08001e30   Section        0  sem.o(i.sem_post)
    i.sem_wait                               0x08001e42   Section        0  sem.o(i.sem_wait)
    i.sleep_app                              0x08001e60   Section        0  application.o(i.sleep_app)
    i.start_app                              0x08001e80   Section        0  application.o(i.start_app)
    i.ui_next                                0x08001eb0   Section        0  ui.o(i.ui_next)
    i.unsleep_app                            0x08001ef4   Section        0  application.o(i.unsleep_app)
    x$fpl$dfixu                              0x08001f14   Section       90  dfixu.o(x$fpl$dfixu)
    x$fpl$dmul                               0x08001f70   Section      340  dmul.o(x$fpl$dmul)
    x$fpl$dnaninf                            0x080020c4   Section      156  dnaninf.o(x$fpl$dnaninf)
    x$fpl$dretinf                            0x08002160   Section       12  dretinf.o(x$fpl$dretinf)
    x$fpl$f2d                                0x0800216c   Section       86  f2d.o(x$fpl$f2d)
    x$fpl$fadd                               0x080021c4   Section      196  faddsub_clz.o(x$fpl$fadd)
    _fadd1                                   0x080021d3   Thumb Code     0  faddsub_clz.o(x$fpl$fadd)
    x$fpl$fcmpinf                            0x08002288   Section       24  fcmpi.o(x$fpl$fcmpinf)
    x$fpl$fdiv                               0x080022a0   Section      388  fdiv.o(x$fpl$fdiv)
    _fdiv1                                   0x080022a1   Thumb Code     0  fdiv.o(x$fpl$fdiv)
    x$fpl$ffix                               0x08002424   Section       54  ffix.o(x$fpl$ffix)
    x$fpl$ffixu                              0x0800245c   Section       62  ffixu.o(x$fpl$ffixu)
    x$fpl$fflt                               0x0800249c   Section       48  fflt_clz.o(x$fpl$fflt)
    x$fpl$ffltu                              0x080024cc   Section       38  fflt_clz.o(x$fpl$ffltu)
    x$fpl$fleqf                              0x080024f4   Section      104  fleqf.o(x$fpl$fleqf)
    x$fpl$fmul                               0x0800255c   Section      258  fmul.o(x$fpl$fmul)
    x$fpl$fnaninf                            0x0800265e   Section      140  fnaninf.o(x$fpl$fnaninf)
    x$fpl$fretinf                            0x080026ea   Section       10  fretinf.o(x$fpl$fretinf)
    x$fpl$frleqf                             0x080026f4   Section       98  frleqf.o(x$fpl$frleqf)
    x$fpl$frsb                               0x08002756   Section       20  faddsub_clz.o(x$fpl$frsb)
    x$fpl$fsub                               0x0800276c   Section      234  faddsub_clz.o(x$fpl$fsub)
    _fsub1                                   0x0800277b   Thumb Code     0  faddsub_clz.o(x$fpl$fsub)
    x$fpl$usenofp                            0x08002856   Section        0  usenofp.o(x$fpl$usenofp)
    .constdata                               0x08002858   Section     4568  roboto mono medium24.o(.constdata)
    .constdata                               0x08003a30   Section     3080  roboto mono medium64.o(.constdata)
    .conststring                             0x08004638   Section       38  ui.o(.conststring)
    .data                                    0x20000000   Section        4  main.o(.data)
    count                                    0x20000000   Data           4  main.o(.data)
    .data                                    0x20000004   Section      112  ili9341_driver.o(.data)
    _driver_in_use                           0x20000004   Data           4  ili9341_driver.o(.data)
    color_buf                                0x20000072   Data           2  ili9341_driver.o(.data)
    .data                                    0x20000074   Section      556  task.o(.data)
    _task_queue                              0x20000074   Data         520  task.o(.data)
    _task_handlers                           0x2000027c   Data          24  task.o(.data)
    cal_running                              0x20000294   Data           4  task.o(.data)
    dacc                                     0x20000298   Data           4  task.o(.data)
    dout                                     0x2000029c   Data           4  task.o(.data)
    .data                                    0x200002a0   Section       69  global.o(.data)
    .data                                    0x200002e8   Section       21  frame.o(.data)
    _driver                                  0x200002e8   Data          20  frame.o(.data)
    curr_buffer_id                           0x200002fc   Data           1  frame.o(.data)
    .data                                    0x20000300   Section      340  ui.o(.data)
    __state                                  0x20000300   Data           1  ui.o(.data)
    __digit                                  0x20000301   Data           1  ui.o(.data)
    __temp_value                             0x20000304   Data           4  ui.o(.data)
    __trans_table                            0x20000308   Data          96  ui.o(.data)
    __frames                                 0x20000368   Data         160  ui.o(.data)
    __frame_positions                        0x20000408   Data          40  ui.o(.data)
    __anim_temp_buffer                       0x20000430   Data          16  ui.o(.data)
    __anim_frame                             0x20000440   Data          16  ui.o(.data)
    __anim_frame_pos                         0x20000450   Data           4  ui.o(.data)
    .data                                    0x20000454   Section       40  temperature.o(.data)
    __temp_tab                               0x20000454   Data          32  temperature.o(.data)
    __calib_index                            0x20000474   Data           4  temperature.o(.data)
    __temp_k                                 0x20000478   Data           4  temperature.o(.data)
    .data                                    0x2000047c   Section        3  application.o(.data)
    __tmp_heater_ccr                         0x2000047c   Data           2  application.o(.data)
    is_running                               0x2000047e   Data           1  application.o(.data)
    .bss                                     0x20000480   Section      532  frame.o(.bss)
    _cmd_buf                                 0x20000480   Data          20  frame.o(.bss)
    letter_texture_buffer                    0x20000494   Data         512  frame.o(.bss)
    .bss                                     0x20000694   Section       96  libspace.o(.bss)
    HEAP                                     0x200006f8   Section      512  startup_stm32f10x_md_vl.o(HEAP)
    Heap_Mem                                 0x200006f8   Data         512  startup_stm32f10x_md_vl.o(HEAP)
    STACK                                    0x200008f8   Section     1024  startup_stm32f10x_md_vl.o(STACK)
    Stack_Mem                                0x200008f8   Data        1024  startup_stm32f10x_md_vl.o(STACK)
    __initial_sp                             0x20000cf8   Data           0  startup_stm32f10x_md_vl.o(STACK)

    Global Symbols

    Symbol Name                              Value     Ov Type        Size  Object(Section)

    BuildAttributes$$THM_ISAv4$P$D$K$B$S$PE$A:L22UL41UL21$X:L11$S22US41US21$IEEE1$IW$USESV6$~STKCKD$USESV7$~SHL$OSPACE$ROPI$EBA8$UX$STANDARDLIB$REQ8$PRES8$EABIv2 0x00000000   Number         0  anon$$obj.o ABSOLUTE
    __ARM_use_no_argv                        0x00000000   Number         0  main.o ABSOLUTE
    __ARM_exceptions_init                     - Undefined Weak Reference
    __alloca_initialize                       - Undefined Weak Reference
    __arm_preinit_                            - Undefined Weak Reference
    __cpp_initialize__aeabi_                  - Undefined Weak Reference
    __cxa_finalize                            - Undefined Weak Reference
    __rt_locale                               - Undefined Weak Reference
    __sigvec_lookup                           - Undefined Weak Reference
    _atexit_init                              - Undefined Weak Reference
    _call_atexit_fns                          - Undefined Weak Reference
    _clock_init                               - Undefined Weak Reference
    _fp_trap_init                             - Undefined Weak Reference
    _fp_trap_shutdown                         - Undefined Weak Reference
    _get_lc_collate                           - Undefined Weak Reference
    _get_lc_ctype                             - Undefined Weak Reference
    _get_lc_monetary                          - Undefined Weak Reference
    _get_lc_numeric                           - Undefined Weak Reference
    _get_lc_time                              - Undefined Weak Reference
    _getenv_init                              - Undefined Weak Reference
    _handle_redirection                       - Undefined Weak Reference
    _init_alloc                               - Undefined Weak Reference
    _init_user_alloc                          - Undefined Weak Reference
    _initio                                   - Undefined Weak Reference
    _rand_init                                - Undefined Weak Reference
    _signal_finish                            - Undefined Weak Reference
    _signal_init                              - Undefined Weak Reference
    _terminate_alloc                          - Undefined Weak Reference
    _terminate_user_alloc                     - Undefined Weak Reference
    _terminateio                              - Undefined Weak Reference
    __Vectors_Size                           0x00000120   Number         0  startup_stm32f10x_md_vl.o ABSOLUTE
    __Vectors                                0x08000000   Data           4  startup_stm32f10x_md_vl.o(RESET)
    __Vectors_End                            0x08000120   Data           0  startup_stm32f10x_md_vl.o(RESET)
    __main                                   0x08000121   Thumb Code     8  __main.o(!!!main)
    __scatterload                            0x08000129   Thumb Code     0  __scatter.o(!!!scatter)
    __scatterload_rt2                        0x08000129   Thumb Code    44  __scatter.o(!!!scatter)
    __scatterload_rt2_thumb_only             0x08000129   Thumb Code     0  __scatter.o(!!!scatter)
    __scatterload_null                       0x08000137   Thumb Code     0  __scatter.o(!!!scatter)
    __decompress                             0x0800015d   Thumb Code    90  __dczerorl2.o(!!dczerorl2)
    __decompress1                            0x0800015d   Thumb Code     0  __dczerorl2.o(!!dczerorl2)
    __scatterload_zeroinit                   0x080001b9   Thumb Code    28  __scatter_zi.o(!!handler_zi)
    __rt_lib_init                            0x080001d5   Thumb Code     0  libinit.o(.ARM.Collect$$libinit$$00000000)
    __rt_lib_init_alloca_1                   0x080001d7   Thumb Code     0  libinit2.o(.ARM.Collect$$libinit$$0000002E)
    __rt_lib_init_argv_1                     0x080001d7   Thumb Code     0  libinit2.o(.ARM.Collect$$libinit$$0000002C)
    __rt_lib_init_atexit_1                   0x080001d7   Thumb Code     0  libinit2.o(.ARM.Collect$$libinit$$0000001B)
    __rt_lib_init_clock_1                    0x080001d7   Thumb Code     0  libinit2.o(.ARM.Collect$$libinit$$00000021)
    __rt_lib_init_cpp_1                      0x080001d7   Thumb Code     0  libinit2.o(.ARM.Collect$$libinit$$00000032)
    __rt_lib_init_exceptions_1               0x080001d7   Thumb Code     0  libinit2.o(.ARM.Collect$$libinit$$00000030)
    __rt_lib_init_fp_1                       0x080001d7   Thumb Code     0  libinit2.o(.ARM.Collect$$libinit$$00000002)
    __rt_lib_init_fp_trap_1                  0x080001d7   Thumb Code     0  libinit2.o(.ARM.Collect$$libinit$$0000001F)
    __rt_lib_init_getenv_1                   0x080001d7   Thumb Code     0  libinit2.o(.ARM.Collect$$libinit$$00000023)
    __rt_lib_init_heap_1                     0x080001d7   Thumb Code     0  libinit2.o(.ARM.Collect$$libinit$$0000000A)
    __rt_lib_init_lc_collate_1               0x080001d7   Thumb Code     0  libinit2.o(.ARM.Collect$$libinit$$00000011)
    __rt_lib_init_lc_ctype_1                 0x080001d7   Thumb Code     0  libinit2.o(.ARM.Collect$$libinit$$00000013)
    __rt_lib_init_lc_monetary_1              0x080001d7   Thumb Code     0  libinit2.o(.ARM.Collect$$libinit$$00000015)
    __rt_lib_init_lc_numeric_1               0x080001d7   Thumb Code     0  libinit2.o(.ARM.Collect$$libinit$$00000017)
    __rt_lib_init_lc_time_1                  0x080001d7   Thumb Code     0  libinit2.o(.ARM.Collect$$libinit$$00000019)
    __rt_lib_init_preinit_1                  0x080001d7   Thumb Code     0  libinit2.o(.ARM.Collect$$libinit$$00000004)
    __rt_lib_init_rand_1                     0x080001d7   Thumb Code     0  libinit2.o(.ARM.Collect$$libinit$$0000000E)
    __rt_lib_init_return                     0x080001d7   Thumb Code     0  libinit2.o(.ARM.Collect$$libinit$$00000033)
    __rt_lib_init_signal_1                   0x080001d7   Thumb Code     0  libinit2.o(.ARM.Collect$$libinit$$0000001D)
    __rt_lib_init_stdio_1                    0x080001d7   Thumb Code     0  libinit2.o(.ARM.Collect$$libinit$$00000025)
    __rt_lib_init_user_alloc_1               0x080001d7   Thumb Code     0  libinit2.o(.ARM.Collect$$libinit$$0000000C)
    __rt_lib_shutdown                        0x080001d9   Thumb Code     0  libshutdown.o(.ARM.Collect$$libshutdown$$00000000)
    __rt_lib_shutdown_cpp_1                  0x080001db   Thumb Code     0  libshutdown2.o(.ARM.Collect$$libshutdown$$00000002)
    __rt_lib_shutdown_fp_trap_1              0x080001db   Thumb Code     0  libshutdown2.o(.ARM.Collect$$libshutdown$$00000007)
    __rt_lib_shutdown_heap_1                 0x080001db   Thumb Code     0  libshutdown2.o(.ARM.Collect$$libshutdown$$0000000F)
    __rt_lib_shutdown_return                 0x080001db   Thumb Code     0  libshutdown2.o(.ARM.Collect$$libshutdown$$00000010)
    __rt_lib_shutdown_signal_1               0x080001db   Thumb Code     0  libshutdown2.o(.ARM.Collect$$libshutdown$$0000000A)
    __rt_lib_shutdown_stdio_1                0x080001db   Thumb Code     0  libshutdown2.o(.ARM.Collect$$libshutdown$$00000004)
    __rt_lib_shutdown_user_alloc_1           0x080001db   Thumb Code     0  libshutdown2.o(.ARM.Collect$$libshutdown$$0000000C)
    __rt_entry                               0x080001dd   Thumb Code     0  __rtentry.o(.ARM.Collect$$rtentry$$00000000)
    __rt_entry_presh_1                       0x080001dd   Thumb Code     0  __rtentry2.o(.ARM.Collect$$rtentry$$00000002)
    __rt_entry_sh                            0x080001dd   Thumb Code     0  __rtentry4.o(.ARM.Collect$$rtentry$$00000004)
    __rt_entry_li                            0x080001e3   Thumb Code     0  __rtentry2.o(.ARM.Collect$$rtentry$$0000000A)
    __rt_entry_postsh_1                      0x080001e3   Thumb Code     0  __rtentry2.o(.ARM.Collect$$rtentry$$00000009)
    __rt_entry_main                          0x080001e7   Thumb Code     0  __rtentry2.o(.ARM.Collect$$rtentry$$0000000D)
    __rt_entry_postli_1                      0x080001e7   Thumb Code     0  __rtentry2.o(.ARM.Collect$$rtentry$$0000000C)
    __rt_exit                                0x080001ef   Thumb Code     0  rtexit.o(.ARM.Collect$$rtexit$$00000000)
    __rt_exit_ls                             0x080001f1   Thumb Code     0  rtexit2.o(.ARM.Collect$$rtexit$$00000003)
    __rt_exit_prels_1                        0x080001f1   Thumb Code     0  rtexit2.o(.ARM.Collect$$rtexit$$00000002)
    __rt_exit_exit                           0x080001f5   Thumb Code     0  rtexit2.o(.ARM.Collect$$rtexit$$00000004)
    Reset_Handler                            0x080001fd   Thumb Code     8  startup_stm32f10x_md_vl.o(.text)
    NMI_Handler                              0x08000205   Thumb Code     2  startup_stm32f10x_md_vl.o(.text)
    HardFault_Handler                        0x08000207   Thumb Code     2  startup_stm32f10x_md_vl.o(.text)
    MemManage_Handler                        0x08000209   Thumb Code     2  startup_stm32f10x_md_vl.o(.text)
    BusFault_Handler                         0x0800020b   Thumb Code     2  startup_stm32f10x_md_vl.o(.text)
    UsageFault_Handler                       0x0800020d   Thumb Code     2  startup_stm32f10x_md_vl.o(.text)
    SVC_Handler                              0x0800020f   Thumb Code     2  startup_stm32f10x_md_vl.o(.text)
    DebugMon_Handler                         0x08000211   Thumb Code     2  startup_stm32f10x_md_vl.o(.text)
    PendSV_Handler                           0x08000213   Thumb Code     2  startup_stm32f10x_md_vl.o(.text)
    ADC1_IRQHandler                          0x08000217   Thumb Code     0  startup_stm32f10x_md_vl.o(.text)
    CEC_IRQHandler                           0x08000217   Thumb Code     0  startup_stm32f10x_md_vl.o(.text)
    DMA1_Channel1_IRQHandler                 0x08000217   Thumb Code     0  startup_stm32f10x_md_vl.o(.text)
    DMA1_Channel2_IRQHandler                 0x08000217   Thumb Code     0  startup_stm32f10x_md_vl.o(.text)
    DMA1_Channel3_IRQHandler                 0x08000217   Thumb Code     0  startup_stm32f10x_md_vl.o(.text)
    DMA1_Channel4_IRQHandler                 0x08000217   Thumb Code     0  startup_stm32f10x_md_vl.o(.text)
    DMA1_Channel6_IRQHandler                 0x08000217   Thumb Code     0  startup_stm32f10x_md_vl.o(.text)
    DMA1_Channel7_IRQHandler                 0x08000217   Thumb Code     0  startup_stm32f10x_md_vl.o(.text)
    EXTI0_IRQHandler                         0x08000217   Thumb Code     0  startup_stm32f10x_md_vl.o(.text)
    EXTI1_IRQHandler                         0x08000217   Thumb Code     0  startup_stm32f10x_md_vl.o(.text)
    EXTI3_IRQHandler                         0x08000217   Thumb Code     0  startup_stm32f10x_md_vl.o(.text)
    EXTI4_IRQHandler                         0x08000217   Thumb Code     0  startup_stm32f10x_md_vl.o(.text)
    EXTI9_5_IRQHandler                       0x08000217   Thumb Code     0  startup_stm32f10x_md_vl.o(.text)
    FLASH_IRQHandler                         0x08000217   Thumb Code     0  startup_stm32f10x_md_vl.o(.text)
    I2C1_ER_IRQHandler                       0x08000217   Thumb Code     0  startup_stm32f10x_md_vl.o(.text)
    I2C1_EV_IRQHandler                       0x08000217   Thumb Code     0  startup_stm32f10x_md_vl.o(.text)
    I2C2_ER_IRQHandler                       0x08000217   Thumb Code     0  startup_stm32f10x_md_vl.o(.text)
    I2C2_EV_IRQHandler                       0x08000217   Thumb Code     0  startup_stm32f10x_md_vl.o(.text)
    PVD_IRQHandler                           0x08000217   Thumb Code     0  startup_stm32f10x_md_vl.o(.text)
    RCC_IRQHandler                           0x08000217   Thumb Code     0  startup_stm32f10x_md_vl.o(.text)
    RTCAlarm_IRQHandler                      0x08000217   Thumb Code     0  startup_stm32f10x_md_vl.o(.text)
    RTC_IRQHandler                           0x08000217   Thumb Code     0  startup_stm32f10x_md_vl.o(.text)
    SPI1_IRQHandler                          0x08000217   Thumb Code     0  startup_stm32f10x_md_vl.o(.text)
    SPI2_IRQHandler                          0x08000217   Thumb Code     0  startup_stm32f10x_md_vl.o(.text)
    TAMPER_IRQHandler                        0x08000217   Thumb Code     0  startup_stm32f10x_md_vl.o(.text)
    TIM1_BRK_TIM15_IRQHandler                0x08000217   Thumb Code     0  startup_stm32f10x_md_vl.o(.text)
    TIM1_CC_IRQHandler                       0x08000217   Thumb Code     0  startup_stm32f10x_md_vl.o(.text)
    TIM1_TRG_COM_TIM17_IRQHandler            0x08000217   Thumb Code     0  startup_stm32f10x_md_vl.o(.text)
    TIM1_UP_TIM16_IRQHandler                 0x08000217   Thumb Code     0  startup_stm32f10x_md_vl.o(.text)
    TIM3_IRQHandler                          0x08000217   Thumb Code     0  startup_stm32f10x_md_vl.o(.text)
    TIM6_DAC_IRQHandler                      0x08000217   Thumb Code     0  startup_stm32f10x_md_vl.o(.text)
    TIM7_IRQHandler                          0x08000217   Thumb Code     0  startup_stm32f10x_md_vl.o(.text)
    USART1_IRQHandler                        0x08000217   Thumb Code     0  startup_stm32f10x_md_vl.o(.text)
    USART2_IRQHandler                        0x08000217   Thumb Code     0  startup_stm32f10x_md_vl.o(.text)
    USART3_IRQHandler                        0x08000217   Thumb Code     0  startup_stm32f10x_md_vl.o(.text)
    WWDG_IRQHandler                          0x08000217   Thumb Code     0  startup_stm32f10x_md_vl.o(.text)
    __user_initial_stackheap                 0x08000219   Thumb Code     0  startup_stm32f10x_md_vl.o(.text)
    strlen                                   0x0800023d   Thumb Code    62  strlen.o(.text)
    __use_two_region_memory                  0x0800027b   Thumb Code     2  heapauxi.o(.text)
    __rt_heap_escrow$2region                 0x0800027d   Thumb Code     2  heapauxi.o(.text)
    __rt_heap_expand$2region                 0x0800027f   Thumb Code     2  heapauxi.o(.text)
    __user_setup_stackheap                   0x08000281   Thumb Code    74  sys_stackheap_outer.o(.text)
    exit                                     0x080002cb   Thumb Code    18  exit.o(.text)
    __user_libspace                          0x080002dd   Thumb Code     8  libspace.o(.text)
    __user_perproc_libspace                  0x080002dd   Thumb Code     0  libspace.o(.text)
    __user_perthread_libspace                0x080002dd   Thumb Code     0  libspace.o(.text)
    _sys_exit                                0x080002e5   Thumb Code     8  sys_exit.o(.text)
    __I$use$semihosting                      0x080002f1   Thumb Code     0  use_no_semi.o(.text)
    __use_no_semihosting_swi                 0x080002f1   Thumb Code     2  use_no_semi.o(.text)
    __semihosting_library_function           0x080002f3   Thumb Code     0  indicate_semi.o(.text)
    DMA1_Channel5_IRQHandler                 0x080002f5   Thumb Code   126  ili9341_driver.o(i.DMA1_Channel5_IRQHandler)
    EXTI15_10_IRQHandler                     0x0800037d   Thumb Code    50  main.o(i.EXTI15_10_IRQHandler)
    EXTI2_IRQHandler                         0x080003b9   Thumb Code    24  main.o(i.EXTI2_IRQHandler)
    SysTick_Handler                          0x08000495   Thumb Code    64  main.o(i.SysTick_Handler)
    SystemInit                               0x080004d9   Thumb Code    82  system_stm32f10x.o(i.SystemInit)
    TIM2_IRQHandler                          0x0800053d   Thumb Code    28  main.o(i.TIM2_IRQHandler)
    TIM4_IRQHandler                          0x08000559   Thumb Code    38  main.o(i.TIM4_IRQHandler)
    __print_number_to_anim_buffer            0x08000705   Thumb Code    78  ui.o(i.__print_number_to_anim_buffer)
    _anim_next_frame                         0x0800079d   Thumb Code    30  ui.o(i._anim_next_frame)
    _dec_digit                               0x080007c9   Thumb Code   114  ui.o(i._dec_digit)
    _dummy_action                            0x08000b7d   Thumb Code     4  ui.o(i._dummy_action)
    _inc_digit                               0x08000bb9   Thumb Code   114  ui.o(i._inc_digit)
    _next_digit                              0x08000c49   Thumb Code   236  ui.o(i._next_digit)
    _select_calib_btn                        0x08000fa9   Thumb Code    70  ui.o(i._select_calib_btn)
    _start_calib                             0x08001019   Thumb Code   102  ui.o(i._start_calib)
    _start_temp_setting                      0x0800109d   Thumb Code    58  ui.o(i._start_temp_setting)
    _unselect_calib_btn                      0x080010f5   Thumb Code    70  ui.o(i._unselect_calib_btn)
    add_task                                 0x08001145   Thumb Code    38  task.o(i.add_task)
    delay                                    0x08001175   Thumb Code    10  main.o(i.delay)
    draw_frame                               0x0800117f   Thumb Code    68  frame.o(i.draw_frame)
    ftoa                                     0x08001279   Thumb Code   150  task.o(i.ftoa)
    get_bitmap                               0x08001315   Thumb Code   212  font.o(i.get_bitmap)
    get_task                                 0x080013f1   Thumb Code    36  task.o(i.get_task)
    get_temperature_by_adc_value             0x0800141d   Thumb Code   138  temperature.o(i.get_temperature_by_adc_value)
    ili9341_driver_init                      0x0800151d   Thumb Code   110  ili9341_driver.o(i.ili9341_driver_init)
    ili9341_driver_wcmd                      0x08001595   Thumb Code    80  ili9341_driver.o(i.ili9341_driver_wcmd)
    ili9341_driver_wcolor                    0x080015e5   Thumb Code   162  ili9341_driver.o(i.ili9341_driver_wcolor)
    ili9341_driver_wpixels                   0x08001695   Thumb Code   150  ili9341_driver.o(i.ili9341_driver_wpixels)
    init                                     0x08001735   Thumb Code    44  init.o(i.init)
    init_app                                 0x08001761   Thumb Code    24  application.o(i.init_app)
    init_graphics                            0x08001a4d   Thumb Code    26  frame.o(i.init_graphics)
    init_temperature_calibration             0x08001c1d   Thumb Code    42  temperature.o(i.init_temperature_calibration)
    init_ui                                  0x08001cf1   Thumb Code    68  ui.o(i.init_ui)
    main                                     0x08001d4d   Thumb Code    14  main.o(i.main)
    push_calibration_value                   0x08001d81   Thumb Code   102  temperature.o(i.push_calibration_value)
    regulate                                 0x08001e0b   Thumb Code    16  regulator.o(i.regulate)
    reverse                                  0x08001e1b   Thumb Code    22  task.o(i.reverse)
    sem_post                                 0x08001e31   Thumb Code    18  sem.o(i.sem_post)
    sem_wait                                 0x08001e43   Thumb Code    28  sem.o(i.sem_wait)
    sleep_app                                0x08001e61   Thumb Code    26  application.o(i.sleep_app)
    start_app                                0x08001e81   Thumb Code    42  application.o(i.start_app)
    ui_next                                  0x08001eb1   Thumb Code    58  ui.o(i.ui_next)
    unsleep_app                              0x08001ef5   Thumb Code    26  application.o(i.unsleep_app)
    __aeabi_d2uiz                            0x08001f15   Thumb Code     0  dfixu.o(x$fpl$dfixu)
    _dfixu                                   0x08001f15   Thumb Code    90  dfixu.o(x$fpl$dfixu)
    __aeabi_dmul                             0x08001f71   Thumb Code     0  dmul.o(x$fpl$dmul)
    _dmul                                    0x08001f71   Thumb Code   332  dmul.o(x$fpl$dmul)
    __fpl_dnaninf                            0x080020c5   Thumb Code   156  dnaninf.o(x$fpl$dnaninf)
    __fpl_dretinf                            0x08002161   Thumb Code    12  dretinf.o(x$fpl$dretinf)
    __aeabi_f2d                              0x0800216d   Thumb Code     0  f2d.o(x$fpl$f2d)
    _f2d                                     0x0800216d   Thumb Code    86  f2d.o(x$fpl$f2d)
    __aeabi_fadd                             0x080021c5   Thumb Code     0  faddsub_clz.o(x$fpl$fadd)
    _fadd                                    0x080021c5   Thumb Code   196  faddsub_clz.o(x$fpl$fadd)
    __fpl_fcmp_Inf                           0x08002289   Thumb Code    24  fcmpi.o(x$fpl$fcmpinf)
    __aeabi_fdiv                             0x080022a1   Thumb Code     0  fdiv.o(x$fpl$fdiv)
    _fdiv                                    0x080022a1   Thumb Code   384  fdiv.o(x$fpl$fdiv)
    __aeabi_f2iz                             0x08002425   Thumb Code     0  ffix.o(x$fpl$ffix)
    _ffix                                    0x08002425   Thumb Code    54  ffix.o(x$fpl$ffix)
    __aeabi_f2uiz                            0x0800245d   Thumb Code     0  ffixu.o(x$fpl$ffixu)
    _ffixu                                   0x0800245d   Thumb Code    62  ffixu.o(x$fpl$ffixu)
    __aeabi_i2f                              0x0800249d   Thumb Code     0  fflt_clz.o(x$fpl$fflt)
    _fflt                                    0x0800249d   Thumb Code    48  fflt_clz.o(x$fpl$fflt)
    __aeabi_ui2f                             0x080024cd   Thumb Code     0  fflt_clz.o(x$fpl$ffltu)
    _ffltu                                   0x080024cd   Thumb Code    38  fflt_clz.o(x$fpl$ffltu)
    __aeabi_cfcmple                          0x080024f5   Thumb Code     0  fleqf.o(x$fpl$fleqf)
    _fcmple                                  0x080024f5   Thumb Code   104  fleqf.o(x$fpl$fleqf)
    __fpl_fcmple_InfNaN                      0x08002547   Thumb Code     0  fleqf.o(x$fpl$fleqf)
    __aeabi_fmul                             0x0800255d   Thumb Code     0  fmul.o(x$fpl$fmul)
    _fmul                                    0x0800255d   Thumb Code   258  fmul.o(x$fpl$fmul)
    __fpl_fnaninf                            0x0800265f   Thumb Code   140  fnaninf.o(x$fpl$fnaninf)
    __fpl_fretinf                            0x080026eb   Thumb Code    10  fretinf.o(x$fpl$fretinf)
    __aeabi_cfrcmple                         0x080026f5   Thumb Code     0  frleqf.o(x$fpl$frleqf)
    _frcmple                                 0x080026f5   Thumb Code    98  frleqf.o(x$fpl$frleqf)
    __aeabi_frsub                            0x08002757   Thumb Code     0  faddsub_clz.o(x$fpl$frsb)
    _frsb                                    0x08002757   Thumb Code    20  faddsub_clz.o(x$fpl$frsb)
    __aeabi_fsub                             0x0800276d   Thumb Code     0  faddsub_clz.o(x$fpl$fsub)
    _fsub                                    0x0800276d   Thumb Code   234  faddsub_clz.o(x$fpl$fsub)
    __I$use$fp                               0x08002856   Number         0  usenofp.o(x$fpl$usenofp)
    acGUI_FontRobotoMonoMedium24_0020        0x08002858   Data          48  roboto mono medium24.o(.constdata)
    acGUI_FontRobotoMonoMedium24_0021        0x08002888   Data          48  roboto mono medium24.o(.constdata)
    acGUI_FontRobotoMonoMedium24_0022        0x080028b8   Data          48  roboto mono medium24.o(.constdata)
    acGUI_FontRobotoMonoMedium24_0023        0x080028e8   Data          48  roboto mono medium24.o(.constdata)
    acGUI_FontRobotoMonoMedium24_0024        0x08002918   Data          48  roboto mono medium24.o(.constdata)
    acGUI_FontRobotoMonoMedium24_0025        0x08002948   Data          48  roboto mono medium24.o(.constdata)
    acGUI_FontRobotoMonoMedium24_0026        0x08002978   Data          48  roboto mono medium24.o(.constdata)
    acGUI_FontRobotoMonoMedium24_0027        0x080029a8   Data          48  roboto mono medium24.o(.constdata)
    acGUI_FontRobotoMonoMedium24_0028        0x080029d8   Data          48  roboto mono medium24.o(.constdata)
    acGUI_FontRobotoMonoMedium24_0029        0x08002a08   Data          48  roboto mono medium24.o(.constdata)
    acGUI_FontRobotoMonoMedium24_002A        0x08002a38   Data          48  roboto mono medium24.o(.constdata)
    acGUI_FontRobotoMonoMedium24_002B        0x08002a68   Data          48  roboto mono medium24.o(.constdata)
    acGUI_FontRobotoMonoMedium24_002C        0x08002a98   Data          48  roboto mono medium24.o(.constdata)
    acGUI_FontRobotoMonoMedium24_002D        0x08002ac8   Data          48  roboto mono medium24.o(.constdata)
    acGUI_FontRobotoMonoMedium24_002E        0x08002af8   Data          48  roboto mono medium24.o(.constdata)
    acGUI_FontRobotoMonoMedium24_002F        0x08002b28   Data          48  roboto mono medium24.o(.constdata)
    acGUI_FontRobotoMonoMedium24_0030        0x08002b58   Data          48  roboto mono medium24.o(.constdata)
    acGUI_FontRobotoMonoMedium24_0031        0x08002b88   Data          48  roboto mono medium24.o(.constdata)
    acGUI_FontRobotoMonoMedium24_0032        0x08002bb8   Data          48  roboto mono medium24.o(.constdata)
    acGUI_FontRobotoMonoMedium24_0033        0x08002be8   Data          48  roboto mono medium24.o(.constdata)
    acGUI_FontRobotoMonoMedium24_0034        0x08002c18   Data          48  roboto mono medium24.o(.constdata)
    acGUI_FontRobotoMonoMedium24_0035        0x08002c48   Data          48  roboto mono medium24.o(.constdata)
    acGUI_FontRobotoMonoMedium24_0036        0x08002c78   Data          48  roboto mono medium24.o(.constdata)
    acGUI_FontRobotoMonoMedium24_0037        0x08002ca8   Data          48  roboto mono medium24.o(.constdata)
    acGUI_FontRobotoMonoMedium24_0038        0x08002cd8   Data          48  roboto mono medium24.o(.constdata)
    acGUI_FontRobotoMonoMedium24_0039        0x08002d08   Data          48  roboto mono medium24.o(.constdata)
    acGUI_FontRobotoMonoMedium24_003A        0x08002d38   Data          48  roboto mono medium24.o(.constdata)
    acGUI_FontRobotoMonoMedium24_003B        0x08002d68   Data          48  roboto mono medium24.o(.constdata)
    acGUI_FontRobotoMonoMedium24_003C        0x08002d98   Data          48  roboto mono medium24.o(.constdata)
    acGUI_FontRobotoMonoMedium24_003D        0x08002dc8   Data          48  roboto mono medium24.o(.constdata)
    acGUI_FontRobotoMonoMedium24_003E        0x08002df8   Data          48  roboto mono medium24.o(.constdata)
    acGUI_FontRobotoMonoMedium24_003F        0x08002e28   Data          48  roboto mono medium24.o(.constdata)
    acGUI_FontRobotoMonoMedium24_0040        0x08002e58   Data          48  roboto mono medium24.o(.constdata)
    acGUI_FontRobotoMonoMedium24_0041        0x08002e88   Data          48  roboto mono medium24.o(.constdata)
    acGUI_FontRobotoMonoMedium24_0042        0x08002eb8   Data          48  roboto mono medium24.o(.constdata)
    acGUI_FontRobotoMonoMedium24_0043        0x08002ee8   Data          48  roboto mono medium24.o(.constdata)
    acGUI_FontRobotoMonoMedium24_0044        0x08002f18   Data          48  roboto mono medium24.o(.constdata)
    acGUI_FontRobotoMonoMedium24_0045        0x08002f48   Data          48  roboto mono medium24.o(.constdata)
    acGUI_FontRobotoMonoMedium24_0046        0x08002f78   Data          48  roboto mono medium24.o(.constdata)
    acGUI_FontRobotoMonoMedium24_0047        0x08002fa8   Data          48  roboto mono medium24.o(.constdata)
    acGUI_FontRobotoMonoMedium24_0048        0x08002fd8   Data          48  roboto mono medium24.o(.constdata)
    acGUI_FontRobotoMonoMedium24_0049        0x08003008   Data          48  roboto mono medium24.o(.constdata)
    acGUI_FontRobotoMonoMedium24_004A        0x08003038   Data          48  roboto mono medium24.o(.constdata)
    acGUI_FontRobotoMonoMedium24_004B        0x08003068   Data          48  roboto mono medium24.o(.constdata)
    acGUI_FontRobotoMonoMedium24_004C        0x08003098   Data          48  roboto mono medium24.o(.constdata)
    acGUI_FontRobotoMonoMedium24_004D        0x080030c8   Data          48  roboto mono medium24.o(.constdata)
    acGUI_FontRobotoMonoMedium24_004E        0x080030f8   Data          48  roboto mono medium24.o(.constdata)
    acGUI_FontRobotoMonoMedium24_004F        0x08003128   Data          48  roboto mono medium24.o(.constdata)
    acGUI_FontRobotoMonoMedium24_0050        0x08003158   Data          48  roboto mono medium24.o(.constdata)
    acGUI_FontRobotoMonoMedium24_0051        0x08003188   Data          48  roboto mono medium24.o(.constdata)
    acGUI_FontRobotoMonoMedium24_0052        0x080031b8   Data          48  roboto mono medium24.o(.constdata)
    acGUI_FontRobotoMonoMedium24_0053        0x080031e8   Data          48  roboto mono medium24.o(.constdata)
    acGUI_FontRobotoMonoMedium24_0054        0x08003218   Data          48  roboto mono medium24.o(.constdata)
    acGUI_FontRobotoMonoMedium24_0055        0x08003248   Data          48  roboto mono medium24.o(.constdata)
    acGUI_FontRobotoMonoMedium24_0056        0x08003278   Data          48  roboto mono medium24.o(.constdata)
    acGUI_FontRobotoMonoMedium24_0057        0x080032a8   Data          48  roboto mono medium24.o(.constdata)
    acGUI_FontRobotoMonoMedium24_0058        0x080032d8   Data          48  roboto mono medium24.o(.constdata)
    acGUI_FontRobotoMonoMedium24_0059        0x08003308   Data          48  roboto mono medium24.o(.constdata)
    acGUI_FontRobotoMonoMedium24_005A        0x08003338   Data          48  roboto mono medium24.o(.constdata)
    acGUI_FontRobotoMonoMedium24_005B        0x08003368   Data          48  roboto mono medium24.o(.constdata)
    acGUI_FontRobotoMonoMedium24_005C        0x08003398   Data          48  roboto mono medium24.o(.constdata)
    acGUI_FontRobotoMonoMedium24_005D        0x080033c8   Data          48  roboto mono medium24.o(.constdata)
    acGUI_FontRobotoMonoMedium24_005E        0x080033f8   Data          48  roboto mono medium24.o(.constdata)
    acGUI_FontRobotoMonoMedium24_005F        0x08003428   Data          48  roboto mono medium24.o(.constdata)
    acGUI_FontRobotoMonoMedium24_0060        0x08003458   Data          48  roboto mono medium24.o(.constdata)
    acGUI_FontRobotoMonoMedium24_0061        0x08003488   Data          48  roboto mono medium24.o(.constdata)
    acGUI_FontRobotoMonoMedium24_0062        0x080034b8   Data          48  roboto mono medium24.o(.constdata)
    acGUI_FontRobotoMonoMedium24_0063        0x080034e8   Data          48  roboto mono medium24.o(.constdata)
    acGUI_FontRobotoMonoMedium24_0064        0x08003518   Data          48  roboto mono medium24.o(.constdata)
    acGUI_FontRobotoMonoMedium24_0065        0x08003548   Data          48  roboto mono medium24.o(.constdata)
    acGUI_FontRobotoMonoMedium24_0066        0x08003578   Data          48  roboto mono medium24.o(.constdata)
    acGUI_FontRobotoMonoMedium24_0067        0x080035a8   Data          48  roboto mono medium24.o(.constdata)
    acGUI_FontRobotoMonoMedium24_0068        0x080035d8   Data          48  roboto mono medium24.o(.constdata)
    acGUI_FontRobotoMonoMedium24_0069        0x08003608   Data          48  roboto mono medium24.o(.constdata)
    acGUI_FontRobotoMonoMedium24_006A        0x08003638   Data          48  roboto mono medium24.o(.constdata)
    acGUI_FontRobotoMonoMedium24_006B        0x08003668   Data          48  roboto mono medium24.o(.constdata)
    acGUI_FontRobotoMonoMedium24_006C        0x08003698   Data          48  roboto mono medium24.o(.constdata)
    acGUI_FontRobotoMonoMedium24_006D        0x080036c8   Data          48  roboto mono medium24.o(.constdata)
    acGUI_FontRobotoMonoMedium24_006E        0x080036f8   Data          48  roboto mono medium24.o(.constdata)
    acGUI_FontRobotoMonoMedium24_006F        0x08003728   Data          48  roboto mono medium24.o(.constdata)
    acGUI_FontRobotoMonoMedium24_0070        0x08003758   Data          48  roboto mono medium24.o(.constdata)
    acGUI_FontRobotoMonoMedium24_0071        0x08003788   Data          48  roboto mono medium24.o(.constdata)
    acGUI_FontRobotoMonoMedium24_0072        0x080037b8   Data          48  roboto mono medium24.o(.constdata)
    acGUI_FontRobotoMonoMedium24_0073        0x080037e8   Data          48  roboto mono medium24.o(.constdata)
    acGUI_FontRobotoMonoMedium24_0074        0x08003818   Data          48  roboto mono medium24.o(.constdata)
    acGUI_FontRobotoMonoMedium24_0075        0x08003848   Data          48  roboto mono medium24.o(.constdata)
    acGUI_FontRobotoMonoMedium24_0076        0x08003878   Data          48  roboto mono medium24.o(.constdata)
    acGUI_FontRobotoMonoMedium24_0077        0x080038a8   Data          48  roboto mono medium24.o(.constdata)
    acGUI_FontRobotoMonoMedium24_0078        0x080038d8   Data          48  roboto mono medium24.o(.constdata)
    acGUI_FontRobotoMonoMedium24_0079        0x08003908   Data          48  roboto mono medium24.o(.constdata)
    acGUI_FontRobotoMonoMedium24_007A        0x08003938   Data          48  roboto mono medium24.o(.constdata)
    acGUI_FontRobotoMonoMedium24_007B        0x08003968   Data          48  roboto mono medium24.o(.constdata)
    acGUI_FontRobotoMonoMedium24_007C        0x08003998   Data          48  roboto mono medium24.o(.constdata)
    acGUI_FontRobotoMonoMedium24_007D        0x080039c8   Data          48  roboto mono medium24.o(.constdata)
    acGUI_FontRobotoMonoMedium24_007E        0x080039f8   Data          48  roboto mono medium24.o(.constdata)
    font_24                                  0x08003a28   Data           8  roboto mono medium24.o(.constdata)
    acGUI_FontRobotoMonoMedium64_0030        0x08003a30   Data         256  roboto mono medium64.o(.constdata)
    acGUI_FontRobotoMonoMedium64_0031        0x08003b30   Data         256  roboto mono medium64.o(.constdata)
    acGUI_FontRobotoMonoMedium64_0032        0x08003c30   Data         256  roboto mono medium64.o(.constdata)
    acGUI_FontRobotoMonoMedium64_0033        0x08003d30   Data         256  roboto mono medium64.o(.constdata)
    acGUI_FontRobotoMonoMedium64_0034        0x08003e30   Data         256  roboto mono medium64.o(.constdata)
    acGUI_FontRobotoMonoMedium64_0035        0x08003f30   Data         256  roboto mono medium64.o(.constdata)
    acGUI_FontRobotoMonoMedium64_0036        0x08004030   Data         256  roboto mono medium64.o(.constdata)
    acGUI_FontRobotoMonoMedium64_0037        0x08004130   Data         256  roboto mono medium64.o(.constdata)
    acGUI_FontRobotoMonoMedium64_0038        0x08004230   Data         256  roboto mono medium64.o(.constdata)
    acGUI_FontRobotoMonoMedium64_0039        0x08004330   Data         256  roboto mono medium64.o(.constdata)
    acGUI_FontRobotoMonoMedium64_0043        0x08004430   Data         256  roboto mono medium64.o(.constdata)
    acGUI_FontRobotoMonoMedium64_00B0        0x08004530   Data         256  roboto mono medium64.o(.constdata)
    font_64                                  0x08004630   Data           8  roboto mono medium64.o(.constdata)
    Region$$Table$$Base                      0x08004660   Number         0  anon$$obj.o(Region$$Table)
    Region$$Table$$Limit                     0x08004680   Number         0  anon$$obj.o(Region$$Table)
    init_cmds                                0x20000008   Data         106  ili9341_driver.o(.data)
    current_temperature                      0x200002a0   Data           4  global.o(.data)
    prev_volt                                0x200002a4   Data           4  global.o(.data)
    required_temperature                     0x200002a8   Data           4  global.o(.data)
    temperature_regulator                    0x200002ac   Data          48  global.o(.data)
    required_adc_val                         0x200002dc   Data           4  global.o(.data)
    disp_brightness                          0x200002e0   Data           2  global.o(.data)
    cooler_speed                             0x200002e2   Data           2  global.o(.data)
    app_running                              0x200002e4   Data           1  global.o(.data)
    __libspace_start                         0x20000694   Data          96  libspace.o(.bss)
    __temporary_stack_top$libspace           0x200006f4   Data           0  libspace.o(.bss)



==============================================================================

Memory Map of the image

  Image Entry point : 0x080001fd

  Load Region LR_1 (Base: 0x08000000, Size: 0x00004b00, Max: 0xffffffff, ABSOLUTE, COMPRESSED[0x000047ec])

    Execution Region ER_RO (Exec base: 0x08000000, Load base: 0x08000000, Size: 0x00004680, Max: 0xffffffff, ABSOLUTE)

    Exec Addr    Load Addr    Size         Type   Attr      Idx    E Section Name        Object

    0x08000000   0x08000000   0x00000120   Data   RO          806    RESET               startup_stm32f10x_md_vl.o
    0x08000120   0x08000120   0x00000008   Code   RO          863  * !!!main             c_w.l(__main.o)
    0x08000128   0x08000128   0x00000034   Code   RO         1071    !!!scatter          c_w.l(__scatter.o)
    0x0800015c   0x0800015c   0x0000005a   Code   RO         1069    !!dczerorl2         c_w.l(__dczerorl2.o)
    0x080001b6   0x080001b6   0x00000002   PAD
    0x080001b8   0x080001b8   0x0000001c   Code   RO         1073    !!handler_zi        c_w.l(__scatter_zi.o)
    0x080001d4   0x080001d4   0x00000002   Code   RO          939    .ARM.Collect$$libinit$$00000000  c_w.l(libinit.o)
    0x080001d6   0x080001d6   0x00000000   Code   RO          946    .ARM.Collect$$libinit$$00000002  c_w.l(libinit2.o)
    0x080001d6   0x080001d6   0x00000000   Code   RO          948    .ARM.Collect$$libinit$$00000004  c_w.l(libinit2.o)
    0x080001d6   0x080001d6   0x00000000   Code   RO          951    .ARM.Collect$$libinit$$0000000A  c_w.l(libinit2.o)
    0x080001d6   0x080001d6   0x00000000   Code   RO          953    .ARM.Collect$$libinit$$0000000C  c_w.l(libinit2.o)
    0x080001d6   0x080001d6   0x00000000   Code   RO          955    .ARM.Collect$$libinit$$0000000E  c_w.l(libinit2.o)
    0x080001d6   0x080001d6   0x00000000   Code   RO          958    .ARM.Collect$$libinit$$00000011  c_w.l(libinit2.o)
    0x080001d6   0x080001d6   0x00000000   Code   RO          960    .ARM.Collect$$libinit$$00000013  c_w.l(libinit2.o)
    0x080001d6   0x080001d6   0x00000000   Code   RO          962    .ARM.Collect$$libinit$$00000015  c_w.l(libinit2.o)
    0x080001d6   0x080001d6   0x00000000   Code   RO          964    .ARM.Collect$$libinit$$00000017  c_w.l(libinit2.o)
    0x080001d6   0x080001d6   0x00000000   Code   RO          966    .ARM.Collect$$libinit$$00000019  c_w.l(libinit2.o)
    0x080001d6   0x080001d6   0x00000000   Code   RO          968    .ARM.Collect$$libinit$$0000001B  c_w.l(libinit2.o)
    0x080001d6   0x080001d6   0x00000000   Code   RO          970    .ARM.Collect$$libinit$$0000001D  c_w.l(libinit2.o)
    0x080001d6   0x080001d6   0x00000000   Code   RO          972    .ARM.Collect$$libinit$$0000001F  c_w.l(libinit2.o)
    0x080001d6   0x080001d6   0x00000000   Code   RO          974    .ARM.Collect$$libinit$$00000021  c_w.l(libinit2.o)
    0x080001d6   0x080001d6   0x00000000   Code   RO          976    .ARM.Collect$$libinit$$00000023  c_w.l(libinit2.o)
    0x080001d6   0x080001d6   0x00000000   Code   RO          978    .ARM.Collect$$libinit$$00000025  c_w.l(libinit2.o)
    0x080001d6   0x080001d6   0x00000000   Code   RO          982    .ARM.Collect$$libinit$$0000002C  c_w.l(libinit2.o)
    0x080001d6   0x080001d6   0x00000000   Code   RO          984    .ARM.Collect$$libinit$$0000002E  c_w.l(libinit2.o)
    0x080001d6   0x080001d6   0x00000000   Code   RO          986    .ARM.Collect$$libinit$$00000030  c_w.l(libinit2.o)
    0x080001d6   0x080001d6   0x00000000   Code   RO          988    .ARM.Collect$$libinit$$00000032  c_w.l(libinit2.o)
    0x080001d6   0x080001d6   0x00000002   Code   RO          989    .ARM.Collect$$libinit$$00000033  c_w.l(libinit2.o)
    0x080001d8   0x080001d8   0x00000002   Code   RO         1009    .ARM.Collect$$libshutdown$$00000000  c_w.l(libshutdown.o)
    0x080001da   0x080001da   0x00000000   Code   RO         1022    .ARM.Collect$$libshutdown$$00000002  c_w.l(libshutdown2.o)
    0x080001da   0x080001da   0x00000000   Code   RO         1024    .ARM.Collect$$libshutdown$$00000004  c_w.l(libshutdown2.o)
    0x080001da   0x080001da   0x00000000   Code   RO         1027    .ARM.Collect$$libshutdown$$00000007  c_w.l(libshutdown2.o)
    0x080001da   0x080001da   0x00000000   Code   RO         1030    .ARM.Collect$$libshutdown$$0000000A  c_w.l(libshutdown2.o)
    0x080001da   0x080001da   0x00000000   Code   RO         1032    .ARM.Collect$$libshutdown$$0000000C  c_w.l(libshutdown2.o)
    0x080001da   0x080001da   0x00000000   Code   RO         1035    .ARM.Collect$$libshutdown$$0000000F  c_w.l(libshutdown2.o)
    0x080001da   0x080001da   0x00000002   Code   RO         1036    .ARM.Collect$$libshutdown$$00000010  c_w.l(libshutdown2.o)
    0x080001dc   0x080001dc   0x00000000   Code   RO          903    .ARM.Collect$$rtentry$$00000000  c_w.l(__rtentry.o)
    0x080001dc   0x080001dc   0x00000000   Code   RO          916    .ARM.Collect$$rtentry$$00000002  c_w.l(__rtentry2.o)
    0x080001dc   0x080001dc   0x00000006   Code   RO          928    .ARM.Collect$$rtentry$$00000004  c_w.l(__rtentry4.o)
    0x080001e2   0x080001e2   0x00000000   Code   RO          918    .ARM.Collect$$rtentry$$00000009  c_w.l(__rtentry2.o)
    0x080001e2   0x080001e2   0x00000004   Code   RO          919    .ARM.Collect$$rtentry$$0000000A  c_w.l(__rtentry2.o)
    0x080001e6   0x080001e6   0x00000000   Code   RO          921    .ARM.Collect$$rtentry$$0000000C  c_w.l(__rtentry2.o)
    0x080001e6   0x080001e6   0x00000008   Code   RO          922    .ARM.Collect$$rtentry$$0000000D  c_w.l(__rtentry2.o)
    0x080001ee   0x080001ee   0x00000002   Code   RO          943    .ARM.Collect$$rtexit$$00000000  c_w.l(rtexit.o)
    0x080001f0   0x080001f0   0x00000000   Code   RO          991    .ARM.Collect$$rtexit$$00000002  c_w.l(rtexit2.o)
    0x080001f0   0x080001f0   0x00000004   Code   RO          992    .ARM.Collect$$rtexit$$00000003  c_w.l(rtexit2.o)
    0x080001f4   0x080001f4   0x00000006   Code   RO          993    .ARM.Collect$$rtexit$$00000004  c_w.l(rtexit2.o)
    0x080001fa   0x080001fa   0x00000002   PAD
    0x080001fc   0x080001fc   0x00000040   Code   RO          807  * .text               startup_stm32f10x_md_vl.o
    0x0800023c   0x0800023c   0x0000003e   Code   RO          859    .text               c_w.l(strlen.o)
    0x0800027a   0x0800027a   0x00000006   Code   RO          861    .text               c_w.l(heapauxi.o)
    0x08000280   0x08000280   0x0000004a   Code   RO          930    .text               c_w.l(sys_stackheap_outer.o)
    0x080002ca   0x080002ca   0x00000012   Code   RO          932    .text               c_w.l(exit.o)
    0x080002dc   0x080002dc   0x00000008   Code   RO          940    .text               c_w.l(libspace.o)
    0x080002e4   0x080002e4   0x0000000c   Code   RO         1001    .text               c_w.l(sys_exit.o)
    0x080002f0   0x080002f0   0x00000002   Code   RO         1012    .text               c_w.l(use_no_semi.o)
    0x080002f2   0x080002f2   0x00000000   Code   RO         1014    .text               c_w.l(indicate_semi.o)
    0x080002f2   0x080002f2   0x00000002   PAD
    0x080002f4   0x080002f4   0x00000088   Code   RO          223    i.DMA1_Channel5_IRQHandler  ili9341_driver.o
    0x0800037c   0x0800037c   0x0000003c   Code   RO            5    i.EXTI15_10_IRQHandler  main.o
    0x080003b8   0x080003b8   0x0000001c   Code   RO            6    i.EXTI2_IRQHandler  main.o
    0x080003d4   0x080003d4   0x00000008   Code   RO          814    i.SetSysClock       system_stm32f10x.o
    0x080003dc   0x080003dc   0x000000b8   Code   RO          815    i.SetSysClockTo24   system_stm32f10x.o
    0x08000494   0x08000494   0x00000044   Code   RO            7    i.SysTick_Handler   main.o
    0x080004d8   0x080004d8   0x00000064   Code   RO          817    i.SystemInit        system_stm32f10x.o
    0x0800053c   0x0800053c   0x0000001c   Code   RO            8    i.TIM2_IRQHandler   main.o
    0x08000558   0x08000558   0x00000034   Code   RO            9    i.TIM4_IRQHandler   main.o
    0x0800058c   0x0800058c   0x0000001c   Code   RO          668    i.__NVIC_ClearPendingIRQ  application.o
    0x080005a8   0x080005a8   0x0000003c   Code   RO          669    i.__NVIC_DisableIRQ  application.o
    0x080005e4   0x080005e4   0x00000022   Code   RO          135    i.__NVIC_EnableIRQ  init.o
    0x08000606   0x08000606   0x00000022   Code   RO          670    i.__NVIC_EnableIRQ  application.o
    0x08000628   0x08000628   0x00000028   Code   RO          136    i.__NVIC_SetPriority  init.o
    0x08000650   0x08000650   0x00000028   Code   RO          440    i.__fill_font_texture_frame  frame.o
    0x08000678   0x08000678   0x00000018   Code   RO          441    i.__init_column_cmd  frame.o
    0x08000690   0x08000690   0x00000018   Code   RO          442    i.__init_row_cmd    frame.o
    0x080006a8   0x080006a8   0x0000005a   Code   RO          296    i.__min_heapify_to_child  task.o
    0x08000702   0x08000702   0x00000002   PAD
    0x08000704   0x08000704   0x00000054   Code   RO          519    i.__print_number_to_anim_buffer  ui.o
    0x08000758   0x08000758   0x00000044   Code   RO          443    i.__select_page     frame.o
    0x0800079c   0x0800079c   0x0000002c   Code   RO          520    i._anim_next_frame  ui.o
    0x080007c8   0x080007c8   0x0000008c   Code   RO          521    i._dec_digit        ui.o
    0x08000854   0x08000854   0x00000040   Code   RO          297    i._dequeue          task.o
    0x08000894   0x08000894   0x00000040   Code   RO          671    i._disable_listeners  application.o
    0x080008d4   0x080008d4   0x00000026   Code   RO          444    i._draw_animation   frame.o
    0x080008fa   0x080008fa   0x00000002   PAD
    0x080008fc   0x080008fc   0x0000003c   Code   RO          445    i._draw_polygon     frame.o
    0x08000938   0x08000938   0x00000208   Code   RO          446    i._draw_text        frame.o
    0x08000b40   0x08000b40   0x0000003c   Code   RO          447    i._draw_texture     frame.o
    0x08000b7c   0x08000b7c   0x00000004   Code   RO          522    i._dummy_action     ui.o
    0x08000b80   0x08000b80   0x00000026   Code   RO          672    i._enable_listeners  application.o
    0x08000ba6   0x08000ba6   0x00000010   Code   RO          673    i._flush_tasks      application.o
    0x08000bb6   0x08000bb6   0x00000002   PAD
    0x08000bb8   0x08000bb8   0x00000090   Code   RO          523    i._inc_digit        ui.o
    0x08000c48   0x08000c48   0x0000010c   Code   RO          524    i._next_digit       ui.o
    0x08000d54   0x08000d54   0x0000000c   Code   RO          675    i._off_display      application.o
    0x08000d60   0x08000d60   0x00000018   Code   RO          676    i._off_heater       application.o
    0x08000d78   0x08000d78   0x00000014   Code   RO          677    i._on_cooler        application.o
    0x08000d8c   0x08000d8c   0x00000014   Code   RO          678    i._on_display       application.o
    0x08000da0   0x08000da0   0x00000014   Code   RO          679    i._on_heater        application.o
    0x08000db4   0x08000db4   0x00000180   Code   RO          639    i._pid_regulate     regulator.o
    0x08000f34   0x08000f34   0x00000024   Code   RO          298    i._queue_buf_push   task.o
    0x08000f58   0x08000f58   0x00000050   Code   RO          299    i._queue_flush_buf  task.o
    0x08000fa8   0x08000fa8   0x00000050   Code   RO          525    i._select_calib_btn  ui.o
    0x08000ff8   0x08000ff8   0x00000020   Code   RO          225    i._send_byte        ili9341_driver.o
    0x08001018   0x08001018   0x00000084   Code   RO          526    i._start_calib      ui.o
    0x0800109c   0x0800109c   0x00000058   Code   RO          527    i._start_temp_setting  ui.o
    0x080010f4   0x080010f4   0x00000050   Code   RO          528    i._unselect_calib_btn  ui.o
    0x08001144   0x08001144   0x00000030   Code   RO          300    i.add_task          task.o
    0x08001174   0x08001174   0x0000000a   Code   RO           10    i.delay             main.o
    0x0800117e   0x0800117e   0x00000044   Code   RO          448    i.draw_frame        frame.o
    0x080011c2   0x080011c2   0x00000002   PAD
    0x080011c4   0x080011c4   0x000000b4   Code   RO          301    i.filter_adc_task   task.o
    0x08001278   0x08001278   0x0000009c   Code   RO          302    i.ftoa              task.o
    0x08001314   0x08001314   0x000000dc   Code   RO          791    i.get_bitmap        font.o
    0x080013f0   0x080013f0   0x0000002c   Code   RO          303    i.get_task          task.o
    0x0800141c   0x0800141c   0x0000009c   Code   RO          609    i.get_temperature_by_adc_value  temperature.o
    0x080014b8   0x080014b8   0x0000002c   Code   RO          304    i.handle_btn_task   task.o
    0x080014e4   0x080014e4   0x00000036   Code   RO          305    i.handle_enc_task   task.o
    0x0800151a   0x0800151a   0x00000002   PAD
    0x0800151c   0x0800151c   0x00000078   Code   RO          226    i.ili9341_driver_init  ili9341_driver.o
    0x08001594   0x08001594   0x00000050   Code   RO          229    i.ili9341_driver_wcmd  ili9341_driver.o
    0x080015e4   0x080015e4   0x000000b0   Code   RO          230    i.ili9341_driver_wcolor  ili9341_driver.o
    0x08001694   0x08001694   0x000000a0   Code   RO          231    i.ili9341_driver_wpixels  ili9341_driver.o
    0x08001734   0x08001734   0x0000002c   Code   RO          137    i.init              init.o
    0x08001760   0x08001760   0x0000001c   Code   RO          680    i.init_app          application.o
    0x0800177c   0x0800177c   0x00000078   Code   RO          138    i.init_btns         init.o
    0x080017f4   0x080017f4   0x000000c8   Code   RO          139    i.init_cooler_and_disp_pwm  init.o
    0x080018bc   0x080018bc   0x00000048   Code   RO          140    i.init_disp_io      init.o
    0x08001904   0x08001904   0x0000003c   Code   RO          141    i.init_dma          init.o
    0x08001940   0x08001940   0x0000010c   Code   RO          142    i.init_enc          init.o
    0x08001a4c   0x08001a4c   0x00000020   Code   RO          449    i.init_graphics     frame.o
    0x08001a6c   0x08001a6c   0x000000b8   Code   RO          143    i.init_heater_pwm   init.o
    0x08001b24   0x08001b24   0x00000038   Code   RO          144    i.init_led          init.o
    0x08001b5c   0x08001b5c   0x00000090   Code   RO          145    i.init_spi2         init.o
    0x08001bec   0x08001bec   0x00000030   Code   RO          146    i.init_systick      init.o
    0x08001c1c   0x08001c1c   0x0000003c   Code   RO          610    i.init_temperature_calibration  temperature.o
    0x08001c58   0x08001c58   0x00000098   Code   RO          147    i.init_term_adc     init.o
    0x08001cf0   0x08001cf0   0x0000005c   Code   RO          529    i.init_ui           ui.o
    0x08001d4c   0x08001d4c   0x0000000e   Code   RO           11    i.main              main.o
    0x08001d5a   0x08001d5a   0x00000002   PAD
    0x08001d5c   0x08001d5c   0x00000024   Code   RO          306    i.print_current_temp_task  task.o
    0x08001d80   0x08001d80   0x00000080   Code   RO          611    i.push_calibration_value  temperature.o
    0x08001e00   0x08001e00   0x0000000a   Code   RO          307    i.redraw_animation_task  task.o
    0x08001e0a   0x08001e0a   0x00000010   Code   RO          640    i.regulate          regulator.o
    0x08001e1a   0x08001e1a   0x00000016   Code   RO          308    i.reverse           task.o
    0x08001e30   0x08001e30   0x00000012   Code   RO          397    i.sem_post          sem.o
    0x08001e42   0x08001e42   0x0000001c   Code   RO          398    i.sem_wait          sem.o
    0x08001e5e   0x08001e5e   0x00000002   PAD
    0x08001e60   0x08001e60   0x00000020   Code   RO          681    i.sleep_app         application.o
    0x08001e80   0x08001e80   0x00000030   Code   RO          682    i.start_app         application.o
    0x08001eb0   0x08001eb0   0x00000044   Code   RO          530    i.ui_next           ui.o
    0x08001ef4   0x08001ef4   0x00000020   Code   RO          683    i.unsleep_app       application.o
    0x08001f14   0x08001f14   0x0000005a   Code   RO          865    x$fpl$dfixu         fz_ws.l(dfixu.o)
    0x08001f6e   0x08001f6e   0x00000002   PAD
    0x08001f70   0x08001f70   0x00000154   Code   RO          869    x$fpl$dmul          fz_ws.l(dmul.o)
    0x080020c4   0x080020c4   0x0000009c   Code   RO          904    x$fpl$dnaninf       fz_ws.l(dnaninf.o)
    0x08002160   0x08002160   0x0000000c   Code   RO          906    x$fpl$dretinf       fz_ws.l(dretinf.o)
    0x0800216c   0x0800216c   0x00000056   Code   RO          871    x$fpl$f2d           fz_ws.l(f2d.o)
    0x080021c2   0x080021c2   0x00000002   PAD
    0x080021c4   0x080021c4   0x000000c4   Code   RO          873    x$fpl$fadd          fz_ws.l(faddsub_clz.o)
    0x08002288   0x08002288   0x00000018   Code   RO          908    x$fpl$fcmpinf       fz_ws.l(fcmpi.o)
    0x080022a0   0x080022a0   0x00000184   Code   RO          880    x$fpl$fdiv          fz_ws.l(fdiv.o)
    0x08002424   0x08002424   0x00000036   Code   RO          883    x$fpl$ffix          fz_ws.l(ffix.o)
    0x0800245a   0x0800245a   0x00000002   PAD
    0x0800245c   0x0800245c   0x0000003e   Code   RO          887    x$fpl$ffixu         fz_ws.l(ffixu.o)
    0x0800249a   0x0800249a   0x00000002   PAD
    0x0800249c   0x0800249c   0x00000030   Code   RO          892    x$fpl$fflt          fz_ws.l(fflt_clz.o)
    0x080024cc   0x080024cc   0x00000026   Code   RO          891    x$fpl$ffltu         fz_ws.l(fflt_clz.o)
    0x080024f2   0x080024f2   0x00000002   PAD
    0x080024f4   0x080024f4   0x00000068   Code   RO          897    x$fpl$fleqf         fz_ws.l(fleqf.o)
    0x0800255c   0x0800255c   0x00000102   Code   RO          899    x$fpl$fmul          fz_ws.l(fmul.o)
    0x0800265e   0x0800265e   0x0000008c   Code   RO          910    x$fpl$fnaninf       fz_ws.l(fnaninf.o)
    0x080026ea   0x080026ea   0x0000000a   Code   RO          912    x$fpl$fretinf       fz_ws.l(fretinf.o)
    0x080026f4   0x080026f4   0x00000062   Code   RO          901    x$fpl$frleqf        fz_ws.l(frleqf.o)
    0x08002756   0x08002756   0x00000014   Code   RO          874    x$fpl$frsb          fz_ws.l(faddsub_clz.o)
    0x0800276a   0x0800276a   0x00000002   PAD
    0x0800276c   0x0800276c   0x000000ea   Code   RO          875    x$fpl$fsub          fz_ws.l(faddsub_clz.o)
    0x08002856   0x08002856   0x00000000   Code   RO          914    x$fpl$usenofp       fz_ws.l(usenofp.o)
    0x08002856   0x08002856   0x00000002   PAD
    0x08002858   0x08002858   0x000011d8   Data   RO          773    .constdata          roboto mono medium24.o
    0x08003a30   0x08003a30   0x00000c08   Data   RO          782    .constdata          roboto mono medium64.o
    0x08004638   0x08004638   0x00000026   Data   RO          531    .conststring        ui.o
    0x0800465e   0x0800465e   0x00000002   PAD
    0x08004660   0x08004660   0x00000020   Data   RO         1067    Region$$Table       anon$$obj.o


    Execution Region ER_RW (Exec base: 0x20000000, Load base: 0x08004680, Size: 0x00000480, Max: 0xffffffff, ABSOLUTE, COMPRESSED[0x0000016c])

    Exec Addr    Load Addr    Size         Type   Attr      Idx    E Section Name        Object

    0x20000000   COMPRESSED   0x00000004   Data   RW           12    .data               main.o
    0x20000004   COMPRESSED   0x00000070   Data   RW          232    .data               ili9341_driver.o
    0x20000074   COMPRESSED   0x0000022c   Data   RW          310    .data               task.o
    0x200002a0   COMPRESSED   0x00000045   Data   RW          419    .data               global.o
    0x200002e5   COMPRESSED   0x00000003   PAD
    0x200002e8   COMPRESSED   0x00000015   Data   RW          451    .data               frame.o
    0x200002fd   COMPRESSED   0x00000003   PAD
    0x20000300   COMPRESSED   0x00000154   Data   RW          532    .data               ui.o
    0x20000454   COMPRESSED   0x00000028   Data   RW          612    .data               temperature.o
    0x2000047c   COMPRESSED   0x00000003   Data   RW          684    .data               application.o


    Execution Region ER_ZI (Exec base: 0x20000480, Load base: 0x080047ec, Size: 0x00000878, Max: 0xffffffff, ABSOLUTE)

    Exec Addr    Load Addr    Size         Type   Attr      Idx    E Section Name        Object

    0x20000480        -       0x00000214   Zero   RW          450    .bss                frame.o
    0x20000694        -       0x00000060   Zero   RW          941    .bss                c_w.l(libspace.o)
    0x200006f4   0x080047ec   0x00000004   PAD
    0x200006f8        -       0x00000200   Zero   RW          805    HEAP                startup_stm32f10x_md_vl.o
    0x200008f8        -       0x00000400   Zero   RW          804    STACK               startup_stm32f10x_md_vl.o


==============================================================================

Image component sizes


      Code (inc. data)   RO Data    RW Data    ZI Data      Debug   Object Name

       476         76          0          3          0      31176   application.o
       220         14          0          0          0       1383   font.o
       934         36          0         21        532       7173   frame.o
         0          0          0         69          0       1052   global.o
       704         44          0        112          0       4344   ili9341_driver.o
      1422        130          0          0          0       5415   init.o
       260         32          0          4          0     214315   main.o
       400          6          0          0          0       1535   regulator.o
         0          0       4568          0          0      14040   roboto mono medium24.o
         0          0       3080          0          0       6130   roboto mono medium64.o
        46          0          0          0          0       1282   sem.o
        64         26        288          0       1536        824   startup_stm32f10x_md_vl.o
       292         24          0          0          0       2129   system_stm32f10x.o
       864         98          0        556          0       7516   task.o
       344         62          0         40          0       2510   temperature.o
      1224        222         38        340          0       6994   ui.o

    ----------------------------------------------------------------------
      7264        770       8008       1152       2068     307818   Object Totals
         0          0         32          0          0          0   (incl. Generated)
        14          0          2          7          0          0   (incl. Padding)

    ----------------------------------------------------------------------

      Code (inc. data)   RO Data    RW Data    ZI Data      Debug   Library Member Name

        90          0          0          0          0          0   __dczerorl2.o
         8          0          0          0          0         68   __main.o
         0          0          0          0          0          0   __rtentry.o
        12          0          0          0          0          0   __rtentry2.o
         6          0          0          0          0          0   __rtentry4.o
        52          8          0          0          0          0   __scatter.o
        28          0          0          0          0          0   __scatter_zi.o
        18          0          0          0          0         80   exit.o
         6          0          0          0          0        152   heapauxi.o
         0          0          0          0          0          0   indicate_semi.o
         2          0          0          0          0          0   libinit.o
         2          0          0          0          0          0   libinit2.o
         2          0          0          0          0          0   libshutdown.o
         2          0          0          0          0          0   libshutdown2.o
         8          4          0          0         96         68   libspace.o
         2          0          0          0          0          0   rtexit.o
        10          0          0          0          0          0   rtexit2.o
        62          0          0          0          0         76   strlen.o
        12          4          0          0          0         68   sys_exit.o
        74          0          0          0          0         80   sys_stackheap_outer.o
         2          0          0          0          0         68   use_no_semi.o
        90          4          0          0          0         92   dfixu.o
       340         12          0          0          0        104   dmul.o
       156          4          0          0          0         92   dnaninf.o
        12          0          0          0          0         68   dretinf.o
        86          4          0          0          0         84   f2d.o
       450          8          0          0          0        236   faddsub_clz.o
        24          0          0          0          0         68   fcmpi.o
       388         76          0          0          0         96   fdiv.o
        54          4          0          0          0         84   ffix.o
        62          4          0          0          0         84   ffixu.o
        86          0          0          0          0        136   fflt_clz.o
       104          4          0          0          0         84   fleqf.o
       258          4          0          0          0         84   fmul.o
       140          4          0          0          0         84   fnaninf.o
        10          0          0          0          0         68   fretinf.o
        98          0          0          0          0         68   frleqf.o
         0          0          0          0          0          0   usenofp.o

    ----------------------------------------------------------------------
      2776        144          0          0        100       2192   Library Totals
        20          0          0          0          4          0   (incl. Padding)

    ----------------------------------------------------------------------

      Code (inc. data)   RO Data    RW Data    ZI Data      Debug   Library Name

       398         16          0          0         96        660   c_w.l
      2358        128          0          0          0       1532   fz_ws.l

    ----------------------------------------------------------------------
      2776        144          0          0        100       2192   Library Totals

    ----------------------------------------------------------------------

==============================================================================


      Code (inc. data)   RO Data    RW Data    ZI Data      Debug   

     10040        914       8008       1152       2168     304494   Grand Totals
     10040        914       8008        364       2168     304494   ELF Image Totals (compressed)
     10040        914       8008        364          0          0   ROM Totals

==============================================================================

    Total RO  Size (Code + RO Data)                18048 (  17.63kB)
    Total RW  Size (RW Data + ZI Data)              3320 (   3.24kB)
    Total ROM Size (Code + RO Data + RW Data)      18412 (  17.98kB)

==============================================================================

